ADM_CACHE_TABLES__PK
ADM_CACHE_TABLES
ADM_CACHE_TABLES__PK
ADM_CACHE_TABLES__PK

ADM_DACHE_TABLES__PK
ADM_DACHE_TABLES
ADM_DACHE_TABLES__PK
ADM_DACHE_TABLES__PK

AGENCIES__PK
AGENCIES
AGENCIES__PK
AGENCIES__PK

AGENT_STAT__PK
AGENT_STAT
AGENT_STAT__PK
AGENT_STAT__PK

AIRLINES__PK
AIRLINES
AIRLINES__PK
AIRLINES__PK

AIRLINE_OFFICES__PK
AIRLINE_OFFICES
AIRLINE_OFFICES__PK
AIRLINE_OFFICES__PK

AIRLINE_PROFILES
AIRLINE_PROFILES
AIRLINE_PROFILES
AIRLINE_PROFILES

AIRPS__PK
AIRPS
AIRPS__PK
AIRPS__PK

AIRP_TERMINALS__PK
AIRP_TERMINALS
AIRP_TERMINALS__PK
AIRP_TERMINALS__PK

ALARM_TYPES__PK
ALARM_TYPES
ALARM_TYPES__PK
ALARM_TYPES__PK

ANNUL_BAG__PK
ANNUL_BAG
ANNUL_BAG__PK
ANNUL_BAG__PK

ANNUL_TAGS__PK
ANNUL_TAGS
ANNUL_TAGS__PK
ANNUL_TAGS__PK

AODB_AIRLINES__PK
AODB_AIRLINES
AODB_AIRLINES__PK
AODB_AIRLINES__PK

AODB_AIRPS__PK
AODB_AIRPS
AODB_AIRPS__PK
AODB_AIRPS__PK

AODB_BAG__PK
AODB_BAG
AODB_BAG__PK
AODB_BAG__PK

AODB_CRAFTS__PK
AODB_CRAFTS
AODB_CRAFTS__PK
AODB_CRAFTS__PK

AODB_LITERS__PK
AODB_LITERS
AODB_LITERS__PK
AODB_LITERS__PK

AODB_PAX_CHANGE__PK
AODB_PAX_CHANGE
AODB_PAX_CHANGE__PK
AODB_PAX_CHANGE__PK

AODB_PAX__PK
AODB_PAX
AODB_PAX__PK
AODB_PAX__PK

AODB_POINTS__PK
AODB_POINTS
AODB_POINTS__PK
AODB_POINTS__PK

AODB_SPP_FILES__PK
AODB_SPP_FILES
AODB_SPP_FILES__PK
AODB_SPP_FILES__PK

AODB_UNACCOMP__PK
AODB_UNACCOMP
AODB_UNACCOMP__PK
AODB_UNACCOMP__PK

APIS_CUSTOMS__PK
APIS_CUSTOMS
APIS_CUSTOMS__PK
APIS_CUSTOMS__PK

APIS_FORMATS__PK
APIS_FORMATS
APIS_FORMATS__PK
APIS_FORMATS__PK

APIS_SETS__PK
APIS_SETS
APIS_SETS__PK
APIS_SETS__PK

APPS_MESSAGES__PK
APPS_MESSAGES
APPS_MESSAGES__PK
APPS_MESSAGES__PK

APPS_SETS__PK
APPS_SETS
APPS_SETS__PK
APPS_SETS__PK

AREA_COUNTRIES__PK
AREA_COUNTRIES
AREA_COUNTRIES__PK
AREA_COUNTRIES__PK

AREA_TYPES__PK
AREA_TYPES
AREA_TYPES__PK
AREA_TYPES__PK

ARO_AIRLINES__PK
ARO_AIRLINES
ARO_AIRLINES__PK
ARO_AIRLINES__PK

ARO_AIRPS__PK
ARO_AIRPS
ARO_AIRPS__PK
ARO_AIRPS__PK

BAG2__PK
BAG2
BAG2__PK
BAG2__PK

BAG_NORMS__PK
BAG_NORMS
BAG_NORMS__PK
BAG_NORMS__PK

BAG_NORM_TYPES__PK
BAG_NORM_TYPES
BAG_NORM_TYPES__PK
BAG_NORM_TYPES__PK

BAG_PAY_TYPES__PK
BAG_PAY_TYPES
BAG_PAY_TYPES__PK
BAG_PAY_TYPES__PK

BAG_PREPAY__PK
BAG_PREPAY
BAG_PREPAY__PK
BAG_PREPAY__PK

BAG_RATES__PK
BAG_RATES
BAG_RATES__PK
BAG_RATES__PK

BAG_RCPT_KITS__PK
BAG_RCPT_KITS
BAG_RCPT_KITS__PK
BAG_RCPT_KITS__PK

BAG_RECEIPTS__PK
BAG_RECEIPTS
BAG_RECEIPTS__PK
BAG_RECEIPTS__PK

BAG_TAGS__PK
BAG_TAGS
BAG_TAGS__PK
BAG_TAGS__PK

BAG_TYPES_LISTS__PK
BAG_TYPES_LISTS
BAG_TYPES_LISTS__PK
BAG_TYPES_LISTS__PK

BAG_TYPES__PK
BAG_TYPES
BAG_TYPES__PK
BAG_TYPES__PK

BAG_TYPE_LIST_ITEMS__PK
BAG_TYPE_LIST_ITEMS
BAG_TYPE_LIST_ITEMS__PK
BAG_TYPE_LIST_ITEMS__PK

BAG_UNACCOMP__PK
BAG_UNACCOMP
BAG_UNACCOMP__PK
BAG_UNACCOMP__PK

BALANCE_SETS__PK
BALANCE_SETS
BALANCE_SETS__PK
BALANCE_SETS__PK

BALANCE_TYPES__PK
BALANCE_TYPES
BALANCE_TYPES__PK
BALANCE_TYPES__PK

BASE_BORT__PK
BASE_BORT
BASE_BORT__PK
BASE_BORT__PK

BCBP_REPRINT_OPTIONS__PK
BCBP_REPRINT_OPTIONS
BCBP_REPRINT_OPTIONS__PK
BCBP_REPRINT_OPTIONS__PK

BI_AIRLINE_SERVICE__PK
BI_AIRLINE_SERVICE
BI_AIRLINE_SERVICE__PK
BI_AIRLINE_SERVICE__PK

BI_HALLS__PK
BI_HALLS
BI_HALLS__PK
BI_HALLS__PK

BI_PRINT_RULES__PK
BI_PRINT_RULES
BI_PRINT_RULES__PK
BI_PRINT_RULES__PK

BI_PRINT_TYPES__PK
BI_PRINT_TYPES
BI_PRINT_TYPES__PK
BI_PRINT_TYPES__PK

BP_MODELS__PK
BP_MODELS
BP_MODELS__PK
BP_MODELS__PK

BP_SET__PK
BP_SET
BP_SET__PK
BP_SET__PK

BP_TYPES__PK
BP_TYPES
BP_TYPES__PK
BP_TYPES__PK

BRANDS__PK
BRANDS
BRANDS__PK
BRANDS__PK

BRAND_FARES__PK
BRAND_FARES
BRAND_FARES__PK
BRAND_FARES__PK

BR_MODELS__PK
BR_MODELS
BR_MODELS__PK
BR_MODELS__PK

BT_MODELS__PK
BT_MODELS
BT_MODELS__PK
BT_MODELS__PK

BT_SET__PK
BT_SET
BT_SET__PK
BT_SET__PK

CACHE_CHILD_FIELDS__PK
CACHE_CHILD_FIELDS
CACHE_CHILD_FIELDS__PK
CACHE_CHILD_FIELDS__PK

CACHE_CHILD_TABLES__PK
CACHE_CHILD_TABLES
CACHE_CHILD_TABLES__PK
CACHE_CHILD_TABLES__PK

CACHE_TABLES__PK
CACHE_TABLES
CACHE_TABLES__PK
CACHE_TABLES__PK

CHANNELS__PK
CHANNELS
CHANNELS__PK
CHANNELS__PK

CITIES__PK
CITIES
CITIES__PK
CITIES__PK

CKIN_CLIENT_SETS__PK
CKIN_CLIENT_SETS
CKIN_CLIENT_SETS__PK
CKIN_CLIENT_SETS__PK

CKIN_CLIENT_STAGES__PK
CKIN_CLIENT_STAGES
CKIN_CLIENT_STAGES__PK
CKIN_CLIENT_STAGES__PK

CKIN_REM_TYPES__PK
CKIN_REM_TYPES
CKIN_REM_TYPES__PK
CKIN_REM_TYPES__PK

CLASSES__PK
CLASSES
CLASSES__PK
CLASSES__PK

CLIENT_ERROR_LIST__PK
CLIENT_ERROR_LIST
CLIENT_ERROR_LIST__PK
CLIENT_ERROR_LIST__PK

CLIENT_TYPES__PK
CLIENT_TYPES
CLIENT_TYPES__PK
CLIENT_TYPES__PK

CLS_GRP__PK
CLS_GRP
CLS_GRP__PK
CLS_GRP__PK

COBRA_POINTS__PK
COBRA_POINTS
COBRA_POINTS__PK
COBRA_POINTS__PK

CODESHARE_SETS__PK
CODESHARE_SETS
CODESHARE_SETS__PK
CODESHARE_SETS__PK

CODE_SYNC_ERROR__PK
CODE_SYNC_ERROR
CODE_SYNC_ERROR__PK
CODE_SYNC_ERROR__PK

COLLECT_PAX__PK
COLLECT_PAX
COLLECT_PAX__PK
COLLECT_PAX__PK

COMPARE_COMP_LAYERS__PK
COMPARE_COMP_LAYERS
COMPARE_COMP_LAYERS__PK
COMPARE_COMP_LAYERS__PK

COMPART_DESC_TYPES__PK
COMPART_DESC_TYPES
COMPART_DESC_TYPES__PK
COMPART_DESC_TYPES__PK

COMPS__PK
COMPS
COMPS__PK
COMPS__PK

COMP_BASELAYERS__PK
COMP_BASELAYERS
COMP_BASELAYERS__PK
COMP_BASELAYERS__PK

COMP_CLASSES__PK
COMP_CLASSES
COMP_CLASSES__PK
COMP_CLASSES__PK

COMP_ELEMS__PK
COMP_ELEMS
COMP_ELEMS__PK
COMP_ELEMS__PK

COMP_ELEM_TYPES__PK
COMP_ELEM_TYPES
COMP_ELEM_TYPES__PK
COMP_ELEM_TYPES__PK

COMP_LAYER_RULES__PK
COMP_LAYER_RULES
COMP_LAYER_RULES__PK
COMP_LAYER_RULES__PK

COMP_LAYER_TYPES__PK
COMP_LAYER_TYPES
COMP_LAYER_TYPES__PK
COMP_LAYER_TYPES__PK

COMP_RATES__PK
COMP_RATES
COMP_RATES__PK
COMP_RATES__PK

COMP_REM__PK
COMP_REM
COMP_REM__PK
COMP_REM__PK

COMP_RFISC__PK
COMP_RFISC
COMP_RFISC__PK
COMP_RFISC__PK

COMP_SECTIONS__PK
COMP_SECTIONS
COMP_SECTIONS__PK
COMP_SECTIONS__PK

COMP_SUBCLS_SETS__PK
COMP_SUBCLS_SETS
COMP_SUBCLS_SETS__PK
COMP_SUBCLS_SETS__PK

CONTEXT__PK
CONTEXT
CONTEXT__PK
CONTEXT__PK

COUNTERS2__PK
COUNTERS2
COUNTERS2__PK
COUNTERS2__PK

COUNTRIES__PK
COUNTRIES
COUNTRIES__PK
COUNTRIES__PK

CRAFTS__PK
CRAFTS
CRAFTS__PK
CRAFTS__PK

CREATED_FLTS__PK
CREATED_FLTS
CREATED_FLTS__PK
CREATED_FLTS__PK

CRS_COUNTERS__PK
CRS_COUNTERS
CRS_COUNTERS__PK
CRS_COUNTERS__PK

CRS_DATA_STAT__PK
CRS_DATA_STAT
CRS_DATA_STAT__PK
CRS_DATA_STAT__PK

CRS_DATA__PK
CRS_DATA
CRS_DATA__PK
CRS_DATA__PK

CRS_INF__PK
CRS_INF
CRS_INF__PK
CRS_INF__PK

CRS_PAX_ALARMS__PK
CRS_PAX_ALARMS
CRS_PAX_ALARMS__PK
CRS_PAX_ALARMS__PK

CRS_PAX__PK
CRS_PAX
CRS_PAX__PK
CRS_PAX__PK

CRS_PNR__PK
CRS_PNR
CRS_PNR__PK
CRS_PNR__PK

CRS_RBD__PK
CRS_RBD
CRS_RBD__PK
CRS_RBD__PK

CRS_SET__PK
CRS_SET
CRS_SET__PK
CRS_SET__PK

CRS_TRANSFER__PK
CRS_TRANSFER
CRS_TRANSFER__PK
CRS_TRANSFER__PK

CRYPT_FILES__PK
CRYPT_FILES
CRYPT_FILES__PK
CRYPT_FILES__PK

CRYPT_FILE_PARAMS__PK
CRYPT_FILE_PARAMS
CRYPT_FILE_PARAMS__PK
CRYPT_FILE_PARAMS__PK

CRYPT_REQ_DATA__PK
CRYPT_REQ_DATA
CRYPT_REQ_DATA__PK
CRYPT_REQ_DATA__PK

CRYPT_SERVER__PK
CRYPT_SERVER
CRYPT_SERVER__PK
CRYPT_SERVER__PK

CRYPT_SETS__PK
CRYPT_SETS
CRYPT_SETS__PK
CRYPT_SETS__PK

CRYPT_TERM_CERT__PK
CRYPT_TERM_CERT
CRYPT_TERM_CERT__PK
CRYPT_TERM_CERT__PK

CRYPT_TERM_REQ__PK
CRYPT_TERM_REQ
CRYPT_TERM_REQ__PK
CRYPT_TERM_REQ__PK

CURRENCY__PK
CURRENCY
CURRENCY__PK
CURRENCY__PK

DACHE_CHILD_FIELDS__PK
DACHE_CHILD_FIELDS
DACHE_CHILD_FIELDS__PK
DACHE_CHILD_FIELDS__PK

DACHE_CHILD_TABLES__PK
DACHE_CHILD_TABLES
DACHE_CHILD_TABLES__PK
DACHE_CHILD_TABLES__PK

DACHE_TABLES__PK
DACHE_TABLES
DACHE_TABLES__PK
DACHE_TABLES__PK

DATE_TIME_ZONESPEC__PK
DATE_TIME_ZONESPEC
DATE_TIME_ZONESPEC__PK
DATE_TIME_ZONESPEC__PK

DCS_ADDR_SET__PK
DCS_ADDR_SET
DCS_ADDR_SET__PK
DCS_ADDR_SET__PK

DCS_BAG__PK
DCS_BAG
DCS_BAG__PK
DCS_BAG__PK

DELAYS__PK
DELAYS
DELAYS__PK
DELAYS__PK

DESKS__PK
DESKS
DESKS__PK
DESKS__PK

DESK_BP_SET__PK
DESK_BP_SET
DESK_BP_SET__PK
DESK_BP_SET__PK

DESK_DISABLE_NOTICES__PK
DESK_DISABLE_NOTICES
DESK_DISABLE_NOTICES__PK
DESK_DISABLE_NOTICES__PK

DESK_GRP_SETS__PK
DESK_GRP_SETS
DESK_GRP_SETS__PK
DESK_GRP_SETS__PK

DESK_GRP__PK
DESK_GRP
DESK_GRP__PK
DESK_GRP__PK

DESK_LOGGING__PK
DESK_LOGGING
DESK_LOGGING__PK
DESK_LOGGING__PK

DESK_NOTICES__PK
DESK_NOTICES
DESK_NOTICES__PK
DESK_NOTICES__PK

DESK_OWNERS__PK
DESK_OWNERS
DESK_OWNERS__PK
DESK_OWNERS__PK

DESK_TRACES__PK
DESK_TRACES
DESK_TRACES__PK
DESK_TRACES__PK

DEV_FMT_OPERS__PK
DEV_FMT_OPERS
DEV_FMT_OPERS__PK
DEV_FMT_OPERS__PK

DEV_FMT_TYPES__PK
DEV_FMT_TYPES
DEV_FMT_TYPES__PK
DEV_FMT_TYPES__PK

DEV_MODELS__PK
DEV_MODELS
DEV_MODELS__PK
DEV_MODELS__PK

DEV_MODEL_DEFAULTS__PK
DEV_MODEL_DEFAULTS
DEV_MODEL_DEFAULTS__PK
DEV_MODEL_DEFAULTS__PK

DEV_MODEL_SESS_FMT__PK
DEV_MODEL_SESS_FMT
DEV_MODEL_SESS_FMT__PK
DEV_MODEL_SESS_FMT__PK

DEV_OPER_TYPES__PK
DEV_OPER_TYPES
DEV_OPER_TYPES__PK
DEV_OPER_TYPES__PK

DEV_SESS_MODES__PK
DEV_SESS_MODES
DEV_SESS_MODES__PK
DEV_SESS_MODES__PK

DEV_SESS_TYPES__PK
DEV_SESS_TYPES
DEV_SESS_TYPES__PK
DEV_SESS_TYPES__PK

EDISESSION_PK_IDA
EDISESSION
EDISESSION_PK_IDA
EDISESSION_PK_IDA

EDISESSION_TIMEOUTS_IDA_PK
EDISESSION_TIMEOUTS
EDISESSION_TIMEOUTS_IDA_PK
EDISESSION_TIMEOUTS_IDA_PK

EDI_ADDRS__PK
EDI_ADDRS
EDI_ADDRS__PK
EDI_ADDRS__PK

EDI_CFG_MSG__PK
EDI_CFG_MSG
EDI_CFG_MSG__PK
EDI_CFG_MSG__PK

EDI_CFG__PK
EDI_CFG
EDI_CFG__PK
EDI_CFG__PK

EDI_H2H_ADDRS__PK
EDI_H2H_ADDRS
EDI_H2H_ADDRS__PK
EDI_H2H_ADDRS__PK

EMDOCS__PK
EMDOCS
EMDOCS__PK
EMDOCS__PK

ENCODINGS__PK
ENCODINGS
ENCODINGS__PK
ENCODINGS__PK

ETICKETS__PK
ETICKETS
ETICKETS__PK
ETICKETS__PK

ETICKS_DISPLAY__PK
ETICKS_DISPLAY
ETICKS_DISPLAY__PK
ETICKS_DISPLAY__PK

ET_ADDR_SET__PK
ET_ADDR_SET
ET_ADDR_SET__PK
ET_ADDR_SET__PK

EXCHANGE_RATES__PK
EXCHANGE_RATES
EXCHANGE_RATES__PK
EXCHANGE_RATES__PK

EXTRA_ROLE_ACCESS__PK
EXTRA_ROLE_ACCESS
EXTRA_ROLE_ACCESS__PK
EXTRA_ROLE_ACCESS__PK

EXTRA_USER_ACCESS__PK
EXTRA_USER_ACCESS
EXTRA_USER_ACCESS__PK
EXTRA_USER_ACCESS__PK

FILES__PK
FILES
FILES__PK
FILES__PK

FILE_ENCODING__PK
FILE_ENCODING
FILE_ENCODING__PK
FILE_ENCODING__PK

FILE_ERROR__PK
FILE_ERROR
FILE_ERROR__PK
FILE_ERROR__PK

FILE_PARAMS__PK
FILE_PARAMS
FILE_PARAMS__PK
FILE_PARAMS__PK

FILE_PARAM_SETS__PK
FILE_PARAM_SETS
FILE_PARAM_SETS__PK
FILE_PARAM_SETS__PK

FILE_QUEUE__PK
FILE_QUEUE
FILE_QUEUE__PK
FILE_QUEUE__PK

FILE_TYPES__PK
FILE_TYPES
FILE_TYPES__PK
FILE_TYPES__PK

FORM_PACKS__PK
FORM_PACKS
FORM_PACKS__PK
FORM_PACKS__PK

FORM_TYPES__PK
FORM_TYPES
FORM_TYPES__PK
FORM_TYPES__PK

FQT_TIER_LEVELS__PK
FQT_TIER_LEVELS
FQT_TIER_LEVELS__PK
FQT_TIER_LEVELS__PK

FR_FORMS2__PK
FR_FORMS2
FR_FORMS2__PK
FR_FORMS2__PK

GENDER_TYPES__PK
GENDER_TYPES
GENDER_TYPES__PK
GENDER_TYPES__PK

GRAPH_STAGES__PK
GRAPH_STAGES
GRAPH_STAGES__PK
GRAPH_STAGES__PK

GRAPH_TIMES__PK
GRAPH_TIMES
GRAPH_TIMES__PK
GRAPH_TIMES__PK

GRP_RFISC_LISTS__PK
GRP_RFISC_LISTS
GRP_RFISC_LISTS__PK
GRP_RFISC_LISTS__PK

GRP_SERVICE_LISTS__PK
GRP_SERVICE_LISTS
GRP_SERVICE_LISTS__PK
GRP_SERVICE_LISTS__PK

GRP_STATUS_TYPES__PK
GRP_STATUS_TYPES
GRP_STATUS_TYPES__PK
GRP_STATUS_TYPES__PK

H2H_ADDRS__PK
H2H_ADDRS
H2H_ADDRS__PK
H2H_ADDRS__PK

H2H_CFG__PK
H2H_CFG
H2H_CFG__PK
H2H_CFG__PK

H2H_TLGS__PK
H2H_TLGS
H2H_TLGS__PK
H2H_TLGS__PK

HALLS2__PK
HALLS2
HALLS2__PK
HALLS2__PK

HALL_SET__PK
HALL_SET
HALL_SET__PK
HALL_SET__PK

HISTORY_TABLES__PK
HISTORY_TABLES
HISTORY_TABLES__PK
HISTORY_TABLES__PK

HPT__PK
HTML_PAGES_TEXT
HPT__PK
HPT__PK

HP__PK
HTML_PAGES
HP__PK
HP__PK

HTTP_CLIENTS__PK
HTTP_CLIENTS
HTTP_CLIENTS__PK
HTTP_CLIENTS__PK

HTTP_SETS__PK
HTTP_SETS
HTTP_SETS__PK
HTTP_SETS__PK

IMAGES_DATA__PK
IMAGES_DATA
IMAGES_DATA__PK
IMAGES_DATA__PK

IMAGES__PK
IMAGES
IMAGES__PK
IMAGES__PK

KUF_STAT_AIRLINES__PR
KUF_STAT_AIRLINES
KUF_STAT_AIRLINES__PR
KUF_STAT_AIRLINES__PR

KUF_STAT_AIRPS__PR
KUF_STAT_AIRPS
KUF_STAT_AIRPS__PR
KUF_STAT_AIRPS__PR

KUF_STAT_TEXT__PK
KUF_STAT_TEXT
KUF_STAT_TEXT__PK
KUF_STAT_TEXT__PK

KUF_STAT__PK
KUF_STAT
KUF_STAT__PK
KUF_STAT__PK

LANG_TYPES__PK
LANG_TYPES
LANG_TYPES__PK
LANG_TYPES__PK

LAST_TAG_RANGES2__PK
LAST_TAG_RANGES2
LAST_TAG_RANGES2__PK
LAST_TAG_RANGES2__PK

LIMITED_CAPABILITY_STAT__PK
LIMITED_CAPABILITY_STAT
LIMITED_CAPABILITY_STAT__PK
LIMITED_CAPABILITY_STAT__PK

LOCALE_MESSAGES__PK
LOCALE_MESSAGES
LOCALE_MESSAGES__PK
LOCALE_MESSAGES__PK

LOCALE_NOTICES__PK
LOCALE_NOTICES
LOCALE_NOTICES__PK
LOCALE_NOTICES__PK

MARK_TRIPS__PK
MARK_TRIPS
MARK_TRIPS__PK
MARK_TRIPS__PK

MERIDIAN_AIRPS_OWNER__PK
MERIDIAN_AIRPS_OWNER
MERIDIAN_AIRPS_OWNER__PK
MERIDIAN_AIRPS_OWNER__PK

MISC_SET_FLTS__PK
MISC_SET_FLTS
MISC_SET_FLTS__PK
MISC_SET_FLTS__PK

MISC_SET_TYPES__PK
MISC_SET_TYPES
MISC_SET_TYPES__PK
MISC_SET_TYPES__PK

MISC_SET__PK
MISC_SET
MISC_SET__PK
MISC_SET__PK

MOVE_REF__PK
MOVE_REF
MOVE_REF__PK
MOVE_REF__PK

MSGS__PK
MSGS
MSGS__PK
MSGS__PK

MSG_CONTENT__PK
MSG_CONTENT
MSG_CONTENT__PK
MSG_CONTENT__PK

MSG_FORMATS__PK
MSG_FORMATS
MSG_FORMATS__PK
MSG_FORMATS__PK

MSG_FORMAT_PARAMS__PK
MSG_FORMAT_PARAMS
MSG_FORMAT_PARAMS__PK
MSG_FORMAT_PARAMS__PK

MSG_FORMAT_TYPES__PK
MSG_FORMAT_TYPES
MSG_FORMAT_TYPES__PK
MSG_FORMAT_TYPES__PK

MSG_HANDLERS__PK
MSG_HANDLERS
MSG_HANDLERS__PK
MSG_HANDLERS__PK

MSG_HANDLER_PARAMS__PK
MSG_HANDLER_PARAMS
MSG_HANDLER_PARAMS__PK
MSG_HANDLER_PARAMS__PK

MSG_HANDLER_PROCESSES__PK
MSG_HANDLER_PROCESSES
MSG_HANDLER_PROCESSES__PK
MSG_HANDLER_PROCESSES__PK

MSG_HANDLER_TYPES__PK
MSG_HANDLER_TYPES
MSG_HANDLER_TYPES__PK
MSG_HANDLER_TYPES__PK

MSG_PARAMS__PK
MSG_PARAMS
MSG_PARAMS__PK
MSG_PARAMS__PK

MSG_PROCESSES__PK
MSG_PROCESSES
MSG_PROCESSES__PK
MSG_PROCESSES__PK

MSG_QUEUE__PK
MSG_QUEUE
MSG_QUEUE__PK
MSG_QUEUE__PK

MSG_SETS__PK
MSG_SETS
MSG_SETS__PK
MSG_SETS__PK

MSG_SET_DETAILS__PK
MSG_SET_DETAILS
MSG_SET_DETAILS__PK
MSG_SET_DETAILS__PK

MSG_SET_PARAMS__PK
MSG_SET_PARAMS
MSG_SET_PARAMS__PK
MSG_SET_PARAMS__PK

MSG_TRANSPORTS__PK
MSG_TRANSPORTS
MSG_TRANSPORTS__PK
MSG_TRANSPORTS__PK

OPERATORS__PK
OPERATORS
OPERATORS__PK
OPERATORS__PK

OUTPUT_GATEWAYS__PK
OUTPUT_GATEWAYS
OUTPUT_GATEWAYS__PK
OUTPUT_GATEWAYS__PK

PACTS__PK
PACTS
PACTS__PK
PACTS__PK

PAID_CKIN_SETS__PK
PAID_CKIN_SETS
PAID_CKIN_SETS__PK
PAID_CKIN_SETS__PK

PAX_ALARMS__PK
PAX_ALARMS
PAX_ALARMS__PK
PAX_ALARMS__PK

PAX_BRANDS__PK
PAX_BRANDS
PAX_BRANDS__PK
PAX_BRANDS__PK

PAX_CATS__PK
PAX_CATS
PAX_CATS__PK
PAX_CATS__PK

PAX_DOCA__PK
PAX_DOCA
PAX_DOCA__PK
PAX_DOCA__PK

PAX_DOCO__PK
PAX_DOCO
PAX_DOCO__PK
PAX_DOCO__PK

PAX_DOC_COUNTRIES__PK
PAX_DOC_COUNTRIES
PAX_DOC_COUNTRIES__PK
PAX_DOC_COUNTRIES__PK

PAX_DOC_TYPES__PK
PAX_DOC_TYPES
PAX_DOC_TYPES__PK
PAX_DOC_TYPES__PK

PAX_DOC__PK
PAX_DOC
PAX_DOC__PK
PAX_DOC__PK

PAX_GRP__PK
PAX_GRP
PAX_GRP__PK
PAX_GRP__PK

PAX_NAME_TITLES__PK
PAX_NAME_TITLES
PAX_NAME_TITLES__PK
PAX_NAME_TITLES__PK

PAX_NORMS_PC__PK
PAX_NORMS_PC
PAX_NORMS_PC__PK
PAX_NORMS_PC__PK

PAX_NORMS_TEXT__PK
PAX_NORMS_TEXT
PAX_NORMS_TEXT__PK
PAX_NORMS_TEXT__PK

PAX_SEATS__PK
PAX_SEATS
PAX_SEATS__PK
PAX_SEATS__PK

PAX_SERVICE_LISTS__PK
PAX_SERVICE_LISTS
PAX_SERVICE_LISTS__PK
PAX_SERVICE_LISTS__PK

PAX__PK
PAX
PAX__PK
PAX__PK

PAY_TYPES__PK
PAY_TYPES
PAY_TYPES__PK
PAY_TYPES__PK

PERS_TYPES__PK
PERS_TYPES
PERS_TYPES__PK
PERS_TYPES__PK

PERS_WEIGHTS__PK
PERS_WEIGHTS
PERS_WEIGHTS__PK
PERS_WEIGHTS__PK

PLACE_CALC__PK
PLACE_CALC
PLACE_CALC__PK
PLACE_CALC__PK

PNR_ADDRS_PC__PK
PNR_ADDRS_PC
PNR_ADDRS_PC__PK
PNR_ADDRS_PC__PK

PNR_ADDRS__PK
PNR_ADDRS
PNR_ADDRS__PK
PNR_ADDRS__PK

PNR_MARKET_FLT__PK
PNR_MARKET_FLT
PNR_MARKET_FLT__PK
PNR_MARKET_FLT__PK

POINTS__PK
POINTS
POINTS__PK
POINTS__PK

POSTPONED_TLG_EDISESS_ID
POSTPONED_TLG
POSTPONED_TLG_EDISESS_ID
POSTPONED_TLG_EDISESS_ID

PRN_FORMS__PK
PRN_FORMS
PRN_FORMS__PK
PRN_FORMS__PK

PRN_FORM_VERS__PK
PRN_FORM_VERS
PRN_FORM_VERS__PK
PRN_FORM_VERS__PK

PRN_TAG_PROPS__PK
PRN_TAG_PROPS
PRN_TAG_PROPS__PK
PRN_TAG_PROPS__PK

PRN_TEST_TAGS__PK
PRN_TEST_TAGS
PRN_TEST_TAGS__PK
PRN_TEST_TAGS__PK

PROFILE_RIGHTS__PK
PROFILE_RIGHTS
PROFILE_RIGHTS__PK
PROFILE_RIGHTS__PK

RATE_COLORS__PK
RATE_COLORS
RATE_COLORS__PK
RATE_COLORS__PK

RCPT_BAG_NAMES__PK
RCPT_BAG_NAMES
RCPT_BAG_NAMES__PK
RCPT_BAG_NAMES__PK

RCPT_DOC_TYPES__PK
RCPT_DOC_TYPES
RCPT_DOC_TYPES__PK
RCPT_DOC_TYPES__PK

RCPT_SERVICE_TYPES__PK
RCPT_SERVICE_TYPES
RCPT_SERVICE_TYPES__PK
RCPT_SERVICE_TYPES__PK

REFUSAL_TYPES__PK
REFUSAL_TYPES
REFUSAL_TYPES__PK
REFUSAL_TYPES__PK

REM_CATS__PK
REM_CATS
REM_CATS__PK
REM_CATS__PK

REM_EVENT_SETS__PK
REM_EVENT_SETS
REM_EVENT_SETS__PK
REM_EVENT_SETS__PK

REM_EVENT_TYPES__PK
REM_EVENT_TYPES
REM_EVENT_TYPES__PK
REM_EVENT_TYPES__PK

REM_GRP__PK
REM_GRP
REM_GRP__PK
REM_GRP__PK

REM_TYPES__PK
COMP_REM_TYPES
REM_TYPES__PK
REM_TYPES__PK

REPORT_TYPES__PK
REPORT_TYPES
REPORT_TYPES__PK
REPORT_TYPES__PK

RFISC_BAG_PROPS__PK
RFISC_BAG_PROPS
RFISC_BAG_PROPS__PK
RFISC_BAG_PROPS__PK

RFISC_COMP_PROPS__PK
RFISC_COMP_PROPS
RFISC_COMP_PROPS__PK
RFISC_COMP_PROPS__PK

RFISC_LIST_ITEMS__PK
RFISC_LIST_ITEMS
RFISC_LIST_ITEMS__PK
RFISC_LIST_ITEMS__PK

RFISC_RATES_SELF_CKIN__PK
RFISC_RATES_SELF_CKIN
RFISC_RATES_SELF_CKIN__PK
RFISC_RATES_SELF_CKIN__PK

RFISC_RATES__PK
RFISC_RATES
RFISC_RATES__PK
RFISC_RATES__PK

RIGHTS_LIST__PK
RIGHTS_LIST
RIGHTS_LIST__PK
RIGHTS_LIST__PK

ROLES__PK
ROLES
ROLES__PK
ROLES__PK

ROLE_ASSIGN_RIGHTS__PK
ROLE_ASSIGN_RIGHTS
ROLE_ASSIGN_RIGHTS__PK
ROLE_ASSIGN_RIGHTS__PK

ROLE_RIGHTS__PK
ROLE_RIGHTS
ROLE_RIGHTS__PK
ROLE_RIGHTS__PK

ROT__PK
ROT
ROT__PK
ROT__PK

ROUTES__PK
ROUTES
ROUTES__PK
ROUTES__PK

SALE_DESKS__PK
SALE_DESKS
SALE_DESKS__PK
SALE_DESKS__PK

SALE_POINTS__PK
SALE_POINTS
SALE_POINTS__PK
SALE_POINTS__PK

SCHEDULES__PK
SCHEDULES
SCHEDULES__PK
SCHEDULES__PK

SCHED_DAYS__PK
SCHED_DAYS
SCHED_DAYS__PK
SCHED_DAYS__PK

SCHED_EQUIPMENT__PK
SCHED_EQUIPMENT
SCHED_EQUIPMENT__PK
SCHED_EQUIPMENT__PK

SCHED_FLIGHTS__PK
SCHED_FLIGHTS
SCHED_FLIGHTS__PK
SCHED_FLIGHTS__PK

SCHED_PROPS_SETS__PK
SCHED_PROPS_SETS
SCHED_PROPS_SETS__PK
SCHED_PROPS_SETS__PK

SCHED_ROUTES__PK
SCHED_ROUTES
SCHED_ROUTES__PK
SCHED_ROUTES__PK

SCHED_SEGMENTS__PK
SCHED_SEGMENTS
SCHED_SEGMENTS__PK
SCHED_SEGMENTS__PK

SCREEN_RIGHTS__PK
SCREEN_RIGHTS
SCREEN_RIGHTS__PK
SCREEN_RIGHTS__PK

SCREEN__PK
SCREEN
SCREEN__PK
SCREEN__PK

SEAT_ALGO_SETS__PK
SEAT_ALGO_SETS
SEAT_ALGO_SETS__PK
SEAT_ALGO_SETS__PK

SEAT_ALGO_TYPES__PK
SEAT_ALGO_TYPES
SEAT_ALGO_TYPES__PK
SEAT_ALGO_TYPES__PK

SEAT_TYPES__PK
SEAT_TYPES
SEAT_TYPES__PK
SEAT_TYPES__PK

SELF_CKIN_SET__PK
SELF_CKIN_SET
SELF_CKIN_SET__PK
SELF_CKIN_SET__PK

SERVICE_LISTS__PK
SERVICE_LISTS
SERVICE_LISTS__PK
SERVICE_LISTS__PK

SERVICE_TYPES__PK
SERVICE_TYPES
SERVICE_TYPES__PK
SERVICE_TYPES__PK

SNAPSHOT_PARAMS__PK
SNAPSHOT_PARAMS
SNAPSHOT_PARAMS__PK
SNAPSHOT_PARAMS__PK

SNAPSHOT_POINTS__PK
SNAPSHOT_POINTS
SNAPSHOT_POINTS__PK
SNAPSHOT_POINTS__PK

SOFI_FILES__PK
SOFI_FILES
SOFI_FILES__PK
SOFI_FILES__PK

STAGE_NAMES__PK
STAGE_NAMES
STAGE_NAMES__PK
STAGE_NAMES__PK

STAGE_SETS__PK
STAGE_SETS
STAGE_SETS__PK
STAGE_SETS__PK

STAGE_STATUSES__PK
STAGE_STATUSES
STAGE_STATUSES__PK
STAGE_STATUSES__PK

STAGE_TYPES__PK
STAGE_TYPES
STAGE_TYPES__PK
STAGE_TYPES__PK

STATIONS__PK
STATIONS
STATIONS__PK
STATIONS__PK

STATION_HALLS__PK
STATION_HALLS
STATION_HALLS__PK
STATION_HALLS__PK

STAT_LEVELS__PK
STAT_LEVELS
STAT_LEVELS__PK
STAT_LEVELS__PK

STAT_ORDERS_DATA__PK
STAT_ORDERS_DATA
STAT_ORDERS_DATA__PK
STAT_ORDERS_DATA__PK

STAT_ORDERS__PK
STAT_ORDERS
STAT_ORDERS__PK
STAT_ORDERS__PK

STAT_PARAMS__PK
STAT_PARAMS
STAT_PARAMS__PK
STAT_PARAMS__PK

STAT_TYPES__PK
STAT_TYPES
STAT_TYPES__PK
STAT_TYPES__PK

SUBCLS_GRP__PK
SUBCLS_GRP
SUBCLS_GRP__PK
SUBCLS_GRP__PK

SUBCLS__PK
SUBCLS
SUBCLS__PK
SUBCLS__PK

SYS_C0015166
SSM_IN
SYS_C0015166
_GENERATED_

TAG_COLORS__PK
TAG_COLORS
TAG_COLORS__PK
TAG_COLORS__PK

TAG_PACKS__PK
TAG_PACKS
TAG_PACKS__PK
TAG_PACKS__PK

TAG_RANGES2__PK
TAG_RANGES2
TAG_RANGES2__PK
TAG_RANGES2__PK

TAG_TYPES__PK
TAG_TYPES
TAG_TYPES__PK
TAG_TYPES__PK

TASKS__PK
TASKS
TASKS__PK
TASKS__PK

TCKIN_PAX_GRP__PK
TCKIN_PAX_GRP
TCKIN_PAX_GRP__PK
TCKIN_PAX_GRP__PK

TCKIN_SEGMENTS__PK
TCKIN_SEGMENTS
TCKIN_SEGMENTS__PK
TCKIN_SEGMENTS__PK

TCP_CLIENTS__PK
TCP_CLIENTS
TCP_CLIENTS__PK
TCP_CLIENTS__PK

TCP_CLIENT_TYPES__PK
TCP_CLIENT_TYPES
TCP_CLIENT_TYPES__PK
TCP_CLIENT_TYPES__PK

TCP_DATA_EVENTS__PK
TCP_DATA_EVENTS
TCP_DATA_EVENTS__PK
TCP_DATA_EVENTS__PK

TCP_MSG_TYPES__PK
TCP_MSG_TYPES
TCP_MSG_TYPES__PK
TCP_MSG_TYPES__PK

TERM_MODES__PK
TERM_MODES
TERM_MODES__PK
TERM_MODES__PK

TEST_PAX__PK
TEST_PAX
TEST_PAX__PK
TEST_PAX__PK

TLGS_IN__PK
TLGS_IN
TLGS_IN__PK
TLGS_IN__PK

TLGS_TEXT__PK
TLGS_TEXT
TLGS_TEXT__PK
TLGS_TEXT__PK

TLGS__PK
TLGS
TLGS__PK
TLGS__PK

TLG_COMP_LAYERS__PK
TLG_COMP_LAYERS
TLG_COMP_LAYERS__PK
TLG_COMP_LAYERS__PK

TLG_ERROR__PK
TLG_ERROR
TLG_ERROR__PK
TLG_ERROR__PK

TLG_OUT__PK
TLG_OUT
TLG_OUT__PK
TLG_OUT__PK

TLG_QUEUE__PK
TLG_QUEUE
TLG_QUEUE__PK
TLG_QUEUE__PK

TLG_SOURCE__PK
TLG_SOURCE
TLG_SOURCE__PK
TLG_SOURCE__PK

TLG_TRANSFER__PK
TLG_TRANSFER
TLG_TRANSFER__PK
TLG_TRANSFER__PK

TLG_TRFER_EXCEPTS__PK
TLG_TRFER_EXCEPTS
TLG_TRFER_EXCEPTS__PK
TLG_TRFER_EXCEPTS__PK

TLG_TRFER_ONWARDS__PK
TLG_TRFER_ONWARDS
TLG_TRFER_ONWARDS__PK
TLG_TRFER_ONWARDS__PK

TLG_TRIPS__PK
TLG_TRIPS
TLG_TRIPS__PK
TLG_TRIPS__PK

TRANSFER_SUBCLS__PK
TRANSFER_SUBCLS
TRANSFER_SUBCLS__PK
TRANSFER_SUBCLS__PK

TRANSFER__PK
TRANSFER
TRANSFER__PK
TRANSFER__PK

TRANSLIT_DICTS__PK
TRANSLIT_DICTS
TRANSLIT_DICTS__PK
TRANSLIT_DICTS__PK

TRANZIT_ALGO_SEATS__PK
TRANZIT_ALGO_SEATS
TRANZIT_ALGO_SEATS__PK
TRANZIT_ALGO_SEATS__PK

TRANZIT_SET__PK
TRANZIT_SET
TRANZIT_SET__PK
TRANZIT_SET__PK

TRFER_GRP__PK
TRFER_GRP
TRFER_GRP__PK
TRFER_GRP__PK

TRFER_SETS__PK
TRFER_SETS
TRFER_SETS__PK
TRFER_SETS__PK

TRFER_SET_FLTS__PK
TRFER_SET_FLTS
TRFER_SET_FLTS__PK
TRFER_SET_FLTS__PK

TRFER_STAT__PK
TRFER_STAT
TRFER_STAT__PK
TRFER_STAT__PK

TRFER_TRIPS__PK
TRFER_TRIPS
TRFER_TRIPS__PK
TRFER_TRIPS__PK

TRIP_ALARMS__PK
TRIP_ALARMS
TRIP_ALARMS__PK
TRIP_ALARMS__PK

TRIP_APIS_PARAMS__PK
TRIP_APIS_PARAMS
TRIP_APIS_PARAMS__PK
TRIP_APIS_PARAMS__PK

TRIP_AUTO_WEIGHING__PK
TRIP_AUTO_WEIGHING
TRIP_AUTO_WEIGHING__PK
TRIP_AUTO_WEIGHING__PK

TRIP_CALC_DATA__PK
TRIP_CALC_DATA
TRIP_CALC_DATA__PK
TRIP_CALC_DATA__PK

TRIP_CLASSES__PK
TRIP_CLASSES
TRIP_CLASSES__PK
TRIP_CLASSES__PK

TRIP_COMP_BASELAYERS__PK
TRIP_COMP_BASELAYERS
TRIP_COMP_BASELAYERS__PK
TRIP_COMP_BASELAYERS__PK

TRIP_COMP_ELEMS__PK
TRIP_COMP_ELEMS
TRIP_COMP_ELEMS__PK
TRIP_COMP_ELEMS__PK

TRIP_COMP_LAYERS__PK
TRIP_COMP_LAYERS
TRIP_COMP_LAYERS__PK
TRIP_COMP_LAYERS__PK

TRIP_COMP_RANGES__PK
TRIP_COMP_RANGES
TRIP_COMP_RANGES__PK
TRIP_COMP_RANGES__PK

TRIP_COMP_RATES__PK
TRIP_COMP_RATES
TRIP_COMP_RATES__PK
TRIP_COMP_RATES__PK

TRIP_COMP_REM__PK
TRIP_COMP_REM
TRIP_COMP_REM__PK
TRIP_COMP_REM__PK

TRIP_COMP_RFISC__PK
TRIP_COMP_RFISC
TRIP_COMP_RFISC__PK
TRIP_COMP_RFISC__PK

TRIP_CREW__PK
TRIP_CREW
TRIP_CREW__PK
TRIP_CREW__PK

TRIP_DATA__PK
TRIP_DATA
TRIP_DATA__PK
TRIP_DATA__PK

TRIP_DELAYS__PK
TRIP_DELAYS
TRIP_DELAYS__PK
TRIP_DELAYS__PK

TRIP_FINAL_STAGES__PK
TRIP_FINAL_STAGES
TRIP_FINAL_STAGES__PK
TRIP_FINAL_STAGES__PK

TRIP_LIST_DAYS__PK
TRIP_LIST_DAYS
TRIP_LIST_DAYS__PK
TRIP_LIST_DAYS__PK

TRIP_LITERS__PK
TRIP_LITERS
TRIP_LITERS__PK
TRIP_LITERS__PK

TRIP_LOAD__PK
TRIP_LOAD
TRIP_LOAD__PK
TRIP_LOAD__PK

TRIP_PAID_CKIN__PK
TRIP_PAID_CKIN
TRIP_PAID_CKIN__PK
TRIP_PAID_CKIN__PK

TRIP_RPT_PERSON__PK
TRIP_RPT_PERSON
TRIP_RPT_PERSON__PK
TRIP_RPT_PERSON__PK

TRIP_SETS__PK
TRIP_SETS
TRIP_SETS__PK
TRIP_SETS__PK

TRIP_STAGES__PK
TRIP_STAGES
TRIP_STAGES__PK
TRIP_STAGES__PK

TRIP_STATIONS__PK
TRIP_STATIONS
TRIP_STATIONS__PK
TRIP_STATIONS__PK

TRIP_SUFFIXES__PK
TRIP_SUFFIXES
TRIP_SUFFIXES__PK
TRIP_SUFFIXES__PK

TRIP_TASKS__PK
TRIP_TASKS
TRIP_TASKS__PK
TRIP_TASKS__PK

TRIP_TYPES__PK
TRIP_TYPES
TRIP_TYPES__PK
TRIP_TYPES__PK

TRIP_VOUCHERS__PK
TRIP_VOUCHERS
TRIP_VOUCHERS__PK
TRIP_VOUCHERS__PK

TYPEB_ADDRS__PK
TYPEB_ADDRS
TYPEB_ADDRS__PK
TYPEB_ADDRS__PK

TYPEB_ADDR_OPTIONS__PK
TYPEB_ADDR_OPTIONS
TYPEB_ADDR_OPTIONS__PK
TYPEB_ADDR_OPTIONS__PK

TYPEB_ADDR_OWNERS__PK
TYPEB_ADDR_OWNERS
TYPEB_ADDR_OWNERS__PK
TYPEB_ADDR_OWNERS__PK

TYPEB_ADDR_TRANS_PARAMS__PK
TYPEB_ADDR_TRANS_PARAMS
TYPEB_ADDR_TRANS_PARAMS__PK
TYPEB_ADDR_TRANS_PARAMS__PK

TYPEB_CREATE_POINTS__PK
TYPEB_CREATE_POINTS
TYPEB_CREATE_POINTS__PK
TYPEB_CREATE_POINTS__PK

TYPEB_DATA_STAT__PK
TYPEB_DATA_STAT
TYPEB_DATA_STAT__PK
TYPEB_DATA_STAT__PK

TYPEB_HELP__PK
TYPEB_HELP
TYPEB_HELP__PK
TYPEB_HELP__PK

TYPEB_IN_BODY__PK
TYPEB_IN_BODY
TYPEB_IN_BODY__PK
TYPEB_IN_BODY__PK

TYPEB_IN_HISTORY__PK
TYPEB_IN_HISTORY
TYPEB_IN_HISTORY__PK
TYPEB_IN_HISTORY__PK

TYPEB_IN__PK
TYPEB_IN
TYPEB_IN__PK
TYPEB_IN__PK

TYPEB_OPTIONS__PK
TYPEB_OPTIONS
TYPEB_OPTIONS__PK
TYPEB_OPTIONS__PK

TYPEB_OPTION_VALUES__PK
TYPEB_OPTION_VALUES
TYPEB_OPTION_VALUES__PK
TYPEB_OPTION_VALUES__PK

TYPEB_ORIGINATORS__PK
TYPEB_ORIGINATORS
TYPEB_ORIGINATORS__PK
TYPEB_ORIGINATORS__PK

TYPEB_OUT_EXTRA__PK
TYPEB_OUT_EXTRA
TYPEB_OUT_EXTRA__PK
TYPEB_OUT_EXTRA__PK

TYPEB_SENDERS__PK
TYPEB_SENDERS
TYPEB_SENDERS__PK
TYPEB_SENDERS__PK

TYPEB_SENDER_SYSTEMS__PK
TYPEB_SENDER_SYSTEMS
TYPEB_SENDER_SYSTEMS__PK
TYPEB_SENDER_SYSTEMS__PK

TYPEB_SEND__PK
TYPEB_SEND
TYPEB_SEND__PK
TYPEB_SEND__PK

TYPEB_TYPES__PK
TYPEB_TYPES
TYPEB_TYPES__PK
TYPEB_TYPES__PK

UNACCOMP_BAG_INFO__PK
UNACCOMP_BAG_INFO
UNACCOMP_BAG_INFO__PK
UNACCOMP_BAG_INFO__PK

UNACCOMP_BAG_NAMES__PK
UNACCOMP_BAG_NAMES
UNACCOMP_BAG_NAMES__PK
UNACCOMP_BAG_NAMES__PK

USERS2__PK
USERS2
USERS2__PK
USERS2__PK

USER_ROLES__PK
USER_ROLES
USER_ROLES__PK
USER_ROLES__PK

USER_SETS__PK
USER_SETS
USER_SETS__PK
USER_SETS__PK

USER_SET_TYPES__PK
USER_SET_TYPES
USER_SET_TYPES__PK
USER_SET_TYPES__PK

USER_TYPES__PK
USER_TYPES
USER_TYPES__PK
USER_TYPES__PK

UTG_PRL__PK
UTG_PRL
UTG_PRL__PK
UTG_PRL__PK

VALIDATOR_TYPES__PK
VALIDATOR_TYPES
VALIDATOR_TYPES__PK
VALIDATOR_TYPES__PK

VALUE_BAG_TAXES__PK
VALUE_BAG_TAXES
VALUE_BAG_TAXES__PK
VALUE_BAG_TAXES__PK

VALUE_BAG__PK
VALUE_BAG
VALUE_BAG__PK
VALUE_BAG__PK

VOUCHER_TYPES__PK
VOUCHER_TYPES
VOUCHER_TYPES__PK
VOUCHER_TYPES__PK

WAITLIST_TYPES__PK
WAITLIST_TYPES
WAITLIST_TYPES__PK
WAITLIST_TYPES__PK

WB_MSG_TEXT__PK
WB_MSG_TEXT
WB_MSG_TEXT__PK
WB_MSG_TEXT__PK

WB_MSG__PK
WB_MSG
WB_MSG__PK
WB_MSG__PK

WEB_CLIENTS__PK
WEB_CLIENTS
WEB_CLIENTS__PK
WEB_CLIENTS__PK


397 rows selected.

