AC_COUPON_INDEX_RL
AIRPORT_CONTROLS

ADM_CACHE_TABLES__AK
ADM_CACHE_TABLES

ADM_CACHE_TABLES__PK
ADM_CACHE_TABLES

ADM_DACHE_TABLES__AK
ADM_DACHE_TABLES

ADM_DACHE_TABLES__PK
ADM_DACHE_TABLES

AGENCIES__AK
AGENCIES

AGENCIES__PK
AGENCIES

AGENT_STAT__IDX
AGENT_STAT

AGENT_STAT__PK
AGENT_STAT

AGN_A
AGN

AGN_DOP
AGN

AGN_LUN
AGN

AGN_UN
AGN

AIRLINES__AK1
AIRLINES

AIRLINES__IDX2
AIRLINES

AIRLINES__IDX3
AIRLINES

AIRLINES__IDX4
AIRLINES

AIRLINES__IDX5
AIRLINES

AIRLINES__PK
AIRLINES

AIRLINES__TID__IDX
AIRLINES

AIRLINE_OFFICES__PK
AIRLINE_OFFICES

AIRLINE_PROFILES
AIRLINE_PROFILES

AIRLINE_PROFILES__IDX
AIRLINE_PROFILES

AIRLINE_PROFILES__IDX1
AIRLINE_PROFILES

AIRPORT_CONTROLS_PK
AIRPORT_CONTROLS

AIRPS__AK1
AIRPS

AIRPS__CITY__IDX
AIRPS

AIRPS__IDX2
AIRPS

AIRPS__IDX3
AIRPS

AIRPS__IDX4
AIRPS

AIRPS__PK
AIRPS

AIRPS__TID__IDX
AIRPS

AIRP_TERMINALS__AK
AIRP_TERMINALS

AIRP_TERMINALS__PK
AIRP_TERMINALS

ALARM_TYPES__PK
ALARM_TYPES

ANNUL_BAG__IDX
ANNUL_BAG

ANNUL_BAG__IDX1
ANNUL_BAG

ANNUL_BAG__IDX2
ANNUL_BAG

ANNUL_BAG__PK
ANNUL_BAG

ANNUL_TAGS__PK
ANNUL_TAGS

AODB_AIRLINES__PK
AODB_AIRLINES

AODB_AIRPS__PK
AODB_AIRPS

AODB_BAG__PK
AODB_BAG

AODB_CRAFTS__PK
AODB_CRAFTS

AODB_EVENTS__IDX
AODB_EVENTS

AODB_LITERS__PK
AODB_LITERS

AODB_PAX_CHANGE__IDX
AODB_PAX_CHANGE

AODB_PAX_CHANGE__IDX2
AODB_PAX_CHANGE

AODB_PAX_CHANGE__IDX3
AODB_PAX_CHANGE

AODB_PAX_CHANGE__PK
AODB_PAX_CHANGE

AODB_PAX__IDX2
AODB_PAX

AODB_PAX__PK
AODB_PAX

AODB_POINTS__PK
AODB_POINTS

AODB_SPP_FILES__PK
AODB_SPP_FILES

AODB_UNACCOMP__IDX
AODB_UNACCOMP

AODB_UNACCOMP__PK
AODB_UNACCOMP

APIS_CUSTOMS__IDX
APIS_CUSTOMS

APIS_CUSTOMS__PK
APIS_CUSTOMS

APIS_FORMATS__PK
APIS_FORMATS

APIS_SETS__AK
APIS_SETS

APIS_SETS__PK
APIS_SETS

APPS_MESSAGES__IDX
APPS_MESSAGES

APPS_MESSAGES__PK
APPS_MESSAGES

APPS_PAX_DATA__AK
APPS_PAX_DATA

APPS_PAX_DATA__AK2
APPS_PAX_DATA

APPS_PAX_DATA__IDX
APPS_PAX_DATA

APPS_PAX_DATA__IDX2
APPS_PAX_DATA

APPS_PAX_DATA__IDX3
APPS_PAX_DATA

APPS_SETS__AK
APPS_SETS

APPS_SETS__PK
APPS_SETS

AREA_COUNTRIES__PK
AREA_COUNTRIES

AREA_TYPES__PK
AREA_TYPES

ARO_AIRLINES__AK
ARO_AIRLINES

ARO_AIRLINES__IDX
ARO_AIRLINES

ARO_AIRLINES__PK
ARO_AIRLINES

ARO_AIRPS__AK
ARO_AIRPS

ARO_AIRPS__IDX
ARO_AIRPS

ARO_AIRPS__PK
ARO_AIRPS

ARX_AGENT_STAT__IDX
ARX_AGENT_STAT

ARX_ANNUL_BAG__IDX
ARX_ANNUL_BAG

ARX_ANNUL_TAGS__IDX
ARX_ANNUL_TAGS

ARX_BAG2__IDX1
ARX_BAG2

ARX_BAG_NORMS__AK
ARX_BAG_NORMS

ARX_BAG_RATES__AK
ARX_BAG_RATES

ARX_BAG_TAGS__IDX1
ARX_BAG_TAGS

ARX_EVENTS__IDX1
ARX_EVENTS

ARX_GRP_NORMS__IDX1
ARX_GRP_NORMS

ARX_LIM_CAPAB_STAT__IDX
ARX_LIMITED_CAPABILITY_STAT

ARX_MARK_TRIPS__AK
ARX_MARK_TRIPS

ARX_MOVE_REF__IDX1
ARX_MOVE_REF

ARX_PAID_BAG__IDX1
ARX_PAID_BAG

ARX_PAX_DOCA__IDX
ARX_PAX_DOCA

ARX_PAX_DOCO__IDX
ARX_PAX_DOCO

ARX_PAX_DOC__IDX
ARX_PAX_DOC

ARX_PAX_GRP__IDX1
ARX_PAX_GRP

ARX_PAX_NORMS__IDX1
ARX_PAX_NORMS

ARX_PAX_REM__IDX
ARX_PAX_REM

ARX_PAX__IDX1
ARX_PAX

ARX_PFS_STAT__IDX1
ARX_PFS_STAT

ARX_POINTS__IDX1
ARX_POINTS

ARX_POINTS__IDX2
ARX_POINTS

ARX_POINTS__IDX3
ARX_POINTS

ARX_RFISC_STAT__IDX
ARX_RFISC_STAT

ARX_SELF_CKIN_STAT__IDX1
ARX_SELF_CKIN_STAT

ARX_SERVICE_STAT__IDX
ARX_SERVICE_STAT

ARX_STAT__IDX1
ARX_STAT

ARX_TCKIN_SEGMENTS__IDX1
ARX_TCKIN_SEGMENTS

ARX_TLGS_IN__IDX
ARX_TLGS_IN

ARX_TLG_OUT__IDX
ARX_TLG_OUT

ARX_TLG_STAT__IDX
ARX_TLG_STAT

ARX_TRANSFER__IDX1
ARX_TRANSFER

ARX_TRFER_PAX_STAT__IDX1
ARX_TRFER_PAX_STAT

ARX_TRFER_STAT__IDX1
ARX_TRFER_STAT

ARX_TRIP_CLASSES__IDX1
ARX_TRIP_CLASSES

ARX_TRIP_DELAYS__IDX1
ARX_TRIP_DELAYS

ARX_TRIP_SETS__IDX1
ARX_TRIP_SETS

ARX_TRIP_STAGES__IDX1
ARX_TRIP_STAGES

ARX_UNACCOMP_BAG_INFO__IDX1
ARX_UNACCOMP_BAG_INFO

ARX_VOUCHER_STAT__IDX1
ARX_VOUCHER_STAT

BAG2__AK
BAG2

BAG2__IDX
BAG2

BAG2__IDX2
BAG2

BAG2__PK
BAG2

BAG_NORMS__IDX
BAG_NORMS

BAG_NORMS__PK
BAG_NORMS

BAG_NORM_TYPES__PK
BAG_NORM_TYPES

BAG_PAY_TYPES__PK
BAG_PAY_TYPES

BAG_PREPAY__IDX
BAG_PREPAY

BAG_PREPAY__PK
BAG_PREPAY

BAG_RATES__IDX
BAG_RATES

BAG_RATES__PK
BAG_RATES

BAG_RCPT_KITS__PK
BAG_RCPT_KITS

BAG_RECEIPTS__AK
BAG_RECEIPTS

BAG_RECEIPTS__AK2
BAG_RECEIPTS

BAG_RECEIPTS__IDX
BAG_RECEIPTS

BAG_RECEIPTS__IDX2
BAG_RECEIPTS

BAG_RECEIPTS__PK
BAG_RECEIPTS

BAG_TAGS__IDX
BAG_TAGS

BAG_TAGS__PK
BAG_TAGS

BAG_TYPES_LISTS__IDX
BAG_TYPES_LISTS

BAG_TYPES_LISTS__IDX2
BAG_TYPES_LISTS

BAG_TYPES_LISTS__PK
BAG_TYPES_LISTS

BAG_TYPES__AK
BAG_TYPES

BAG_TYPES__PK
BAG_TYPES

BAG_TYPE_LIST_ITEMS__PK
BAG_TYPE_LIST_ITEMS

BAG_UNACCOMP__AK
BAG_UNACCOMP

BAG_UNACCOMP__PK
BAG_UNACCOMP

BALANCE_SETS__AK
BALANCE_SETS

BALANCE_SETS__PK
BALANCE_SETS

BALANCE_TYPES__PK
BALANCE_TYPES

BASEL_STAT__IDX
BASEL_STAT

BASE_BORT__PK
BASE_BORT

BCBP_REPRINT_OPTIONS__AK
BCBP_REPRINT_OPTIONS

BCBP_REPRINT_OPTIONS__PK
BCBP_REPRINT_OPTIONS

BI_AIRLINE_SERVICE__PK
BI_AIRLINE_SERVICE

BI_HALLS__PK
BI_HALLS

BI_PRINT_RULES__AK
BI_PRINT_RULES

BI_PRINT_RULES__PK
BI_PRINT_RULES

BI_PRINT_TYPES__PK
BI_PRINT_TYPES

BP_MODELS__PK
BP_MODELS

BP_SET__AK
BP_SET

BP_SET__PK
BP_SET

BP_TYPES__AK
BP_TYPES

BP_TYPES__PK
BP_TYPES

BRANDS__AK
BRANDS

BRANDS__PK
BRANDS

BRAND_FARES__AK
BRAND_FARES

BRAND_FARES__PK
BRAND_FARES

BR_MODELS__PK
BR_MODELS

BT_MODELS__PK
BT_MODELS

BT_SET__AK
BT_SET

BT_SET__PK
BT_SET

CACHE_CHILD_FIELDS__PK
CACHE_CHILD_FIELDS

CACHE_CHILD_TABLES__PK
CACHE_CHILD_TABLES

CACHE_FIELDS__AK
CACHE_FIELDS

CACHE_TABLES__PK
CACHE_TABLES

CHANNELS__PK
CHANNELS

CITIES__AK1
CITIES

CITIES__COUNTRY__IDX
CITIES

CITIES__IDX2
CITIES

CITIES__PK
CITIES

CITIES__TID__IDX
CITIES

CKIN_CLIENT_SETS__AK
CKIN_CLIENT_SETS

CKIN_CLIENT_SETS__PK
CKIN_CLIENT_SETS

CKIN_CLIENT_STAGES__PK
CKIN_CLIENT_STAGES

CKIN_REM_TYPES__AK1
CKIN_REM_TYPES

CKIN_REM_TYPES__IDX
CKIN_REM_TYPES

CKIN_REM_TYPES__PK
CKIN_REM_TYPES

CLASSES__PK
CLASSES

CLIENT_ERROR_LIST__PK
CLIENT_ERROR_LIST

CLIENT_TYPES__PK
CLIENT_TYPES

CLS_GRP__AK
CLS_GRP

CLS_GRP__PK
CLS_GRP

COBRA_POINTS__PK
COBRA_POINTS

CODESHARE_SETS__IDX1
CODESHARE_SETS

CODESHARE_SETS__IDX2
CODESHARE_SETS

CODESHARE_SETS__PK
CODESHARE_SETS

CODE_SYNC_ERROR__PK
CODE_SYNC_ERROR

COLLECT_PAX__PK
COLLECT_PAX

COMPARE_COMP_LAYERS__PK
COMPARE_COMP_LAYERS

COMPART_DESC_TYPES__PK
COMPART_DESC_TYPES

COMPS__IDX
COMPS

COMPS__PK
COMPS

COMP_BASELAYERS__PK
COMP_BASELAYERS

COMP_CLASSES__PK
COMP_CLASSES

COMP_ELEMS__AK
COMP_ELEMS

COMP_ELEMS__PK
COMP_ELEMS

COMP_ELEM_TYPES__PK
COMP_ELEM_TYPES

COMP_LAYER_RULES__PK
COMP_LAYER_RULES

COMP_LAYER_TYPES__PK
COMP_LAYER_TYPES

COMP_RATES__PK
COMP_RATES

COMP_REM__PK
COMP_REM

COMP_RFISC__PK
COMP_RFISC

COMP_SECTIONS__PK
COMP_SECTIONS

COMP_SUBCLS_SETS__AK
COMP_SUBCLS_SETS

COMP_SUBCLS_SETS__PK
COMP_SUBCLS_SETS

CONFIRM_PRINT__AK
CONFIRM_PRINT

CONTEXT__PK
CONTEXT

CONT__AK
CONT

COUNTERS2__IDX
COUNTERS2

COUNTERS2__PK
COUNTERS2

COUNTERS_BY_SUBCLS__AK
COUNTERS_BY_SUBCLS

COUNTRIES__AK1
COUNTRIES

COUNTRIES__IDX2
COUNTRIES

COUNTRIES__IDX3
COUNTRIES

COUNTRIES__PK
COUNTRIES

COUNTRIES__TID__IDX
COUNTRIES

CRAFTS__AK1
CRAFTS

CRAFTS__IDX2
CRAFTS

CRAFTS__IDX3
CRAFTS

CRAFTS__IDX4
CRAFTS

CRAFTS__PK
CRAFTS

CRAFTS__TID__IDX
CRAFTS

CREATED_FLTS__PK
CREATED_FLTS

CRS_COUNTERS__IDX
CRS_COUNTERS

CRS_COUNTERS__PK
CRS_COUNTERS

CRS_DATA_STAT__PK
CRS_DATA_STAT

CRS_DATA__IDX
CRS_DATA

CRS_DATA__PK
CRS_DATA

CRS_DISPLACE__IDX1
CRS_DISPLACE2

CRS_DISPLACE__IDX2
CRS_DISPLACE2

CRS_DISPLACE__IDX3
CRS_DISPLACE2

CRS_INF__IDX
CRS_INF

CRS_INF__PK
CRS_INF

CRS_PAX_ALARMS__PK
CRS_PAX_ALARMS

CRS_PAX_ASVC__IDX
CRS_PAX_ASVC

CRS_PAX_CHKD__IDX
CRS_PAX_CHKD

CRS_PAX_DOCA__IDX
CRS_PAX_DOCA

CRS_PAX_DOCO__IDX
CRS_PAX_DOCO

CRS_PAX_DOC__IDX
CRS_PAX_DOC

CRS_PAX_FQT__IDX
CRS_PAX_FQT

CRS_PAX_FQT__IDX2
CRS_PAX_FQT

CRS_PAX_REFUSE__IDX
CRS_PAX_REFUSE

CRS_PAX_REM__IDX
CRS_PAX_REM

CRS_PAX_TKN__IDX
CRS_PAX_TKN

CRS_PAX_TKN__IDX2
CRS_PAX_TKN

CRS_PAX__IDX
CRS_PAX

CRS_PAX__PK
CRS_PAX

CRS_PNR__IDX
CRS_PNR

CRS_PNR__IDX2
CRS_PNR

CRS_PNR__PK
CRS_PNR

CRS_RBD__PK
CRS_RBD

CRS_SET__AK
CRS_SET

CRS_SET__PK
CRS_SET

CRS_TRANSFER__IDX
CRS_TRANSFER

CRS_TRANSFER__PK
CRS_TRANSFER

CRYPT_FILES__PK
CRYPT_FILES

CRYPT_FILE_PARAMS__AK
CRYPT_FILE_PARAMS

CRYPT_FILE_PARAMS__PK
CRYPT_FILE_PARAMS

CRYPT_REQ_DATA__AK
CRYPT_REQ_DATA

CRYPT_REQ_DATA__PK
CRYPT_REQ_DATA

CRYPT_SERVER__PK
CRYPT_SERVER

CRYPT_SETS__AK
CRYPT_SETS

CRYPT_SETS__PK
CRYPT_SETS

CRYPT_TERM_CERT__IDX
CRYPT_TERM_CERT

CRYPT_TERM_CERT__PK
CRYPT_TERM_CERT

CRYPT_TERM_REQ__AK
CRYPT_TERM_REQ

CRYPT_TERM_REQ__PK
CRYPT_TERM_REQ

CURRENCY__AK1
CURRENCY

CURRENCY__AK2
CURRENCY

CURRENCY__IDX
CURRENCY

CURRENCY__PK
CURRENCY

DACHE_CHILD_FIELDS__PK
DACHE_CHILD_FIELDS

DACHE_CHILD_TABLES__PK
DACHE_CHILD_TABLES

DACHE_FIELDS__AK
DACHE_FIELDS

DACHE_TABLES__PK
DACHE_TABLES

DATE_TIME_ZONESPEC__PK
DATE_TIME_ZONESPEC

DCS_ADDR_SET__AK
DCS_ADDR_SET

DCS_ADDR_SET__PK
DCS_ADDR_SET

DCS_BAG__PK
DCS_BAG

DCS_TAGS__IDX
DCS_TAGS

DEFFERED_EXEC_ID
DEFFERED_EXEC

DELAYS__AK
DELAYS

DELAYS__IDX
DELAYS

DELAYS__PK
DELAYS

DESKS__AK
DESKS

DESKS__IDX
DESKS

DESKS__PK
DESKS

DESK_BP_SET__AK
DESK_BP_SET

DESK_BP_SET__PK
DESK_BP_SET

DESK_DISABLE_NOTICES__PK
DESK_DISABLE_NOTICES

DESK_GRP_SETS__PK
DESK_GRP_SETS

DESK_GRP__PK
DESK_GRP

DESK_LOGGING__PK
DESK_LOGGING

DESK_NOTICES__PK
DESK_NOTICES

DESK_OWNERS__AK
DESK_OWNERS

DESK_OWNERS__PK
DESK_OWNERS

DESK_TRACES__IDX
DESK_TRACES

DESK_TRACES__PK
DESK_TRACES

DEV_EVENT_CMD__AK
DEV_EVENT_CMD

DEV_FMT_OPERS__PK
DEV_FMT_OPERS

DEV_FMT_TYPES__PK
DEV_FMT_TYPES

DEV_MODELS__PK
DEV_MODELS

DEV_MODEL_DEFAULTS__PK
DEV_MODEL_DEFAULTS

DEV_MODEL_FMT_PARAMS__AK
DEV_MODEL_FMT_PARAMS

DEV_MODEL_PARAMS__AK
DEV_MODEL_PARAMS

DEV_MODEL_SESS_FMT__IDX
DEV_MODEL_SESS_FMT

DEV_MODEL_SESS_FMT__PK
DEV_MODEL_SESS_FMT

DEV_OPER_TYPES__PK
DEV_OPER_TYPES

DEV_SESS_MODES__PK
DEV_SESS_MODES

DEV_SESS_TYPES__PK
DEV_SESS_TYPES

DROP_TEST_APIS3__AK
DROP_TEST_APIS3

DROP_TEST_NORM_ERRORS__IDX
DROP_TEST_NORM_ERRORS

EDIFACT_PROFILES_NAME
EDIFACT_PROFILES

EDISESSION_CARF
EDISESSION

EDISESSION_INDEX_OTH
EDISESSION

EDISESSION_INDEX_OUR
EDISESSION

EDISESSION_PK_IDA
EDISESSION

EDISESSION_TIMEOUTS_IDA_PK
EDISESSION_TIMEOUTS

EDI_ADDRS__PK
EDI_ADDRS

EDI_CFG_MSG__PK
EDI_CFG_MSG

EDI_CFG__PK
EDI_CFG

EDI_H2H_ADDRS__PK
EDI_H2H_ADDRS

EDI_HELP_X2
EDI_HELP

EDI_HELP__IDX
EDI_HELP

EDI_HELP__IDX2
EDI_HELP

EMDOCS__IDX
EMDOCS

EMDOCS__PK
EMDOCS

ENCODINGS__PK
ENCODINGS

ETICKETS__IDX
ETICKETS

ETICKETS__IDX2
ETICKETS

ETICKETS__IDX3
ETICKETS

ETICKETS__PK
ETICKETS

ETICKS_DISPLAY__IDX
ETICKS_DISPLAY

ETICKS_DISPLAY__PK
ETICKS_DISPLAY

ET_ADDR_SET__AK
ET_ADDR_SET

ET_ADDR_SET__PK
ET_ADDR_SET

EVENTS_BILINGUAL__IDX
EVENTS_BILINGUAL

EVENTS_BILINGUAL__IDX2
EVENTS_BILINGUAL

EXCHANGE_RATES__IDX
EXCHANGE_RATES

EXCHANGE_RATES__PK
EXCHANGE_RATES

EXTRA_ROLE_ACCESS__AK
EXTRA_ROLE_ACCESS

EXTRA_ROLE_ACCESS__PK
EXTRA_ROLE_ACCESS

EXTRA_USER_ACCESS__AK
EXTRA_USER_ACCESS

EXTRA_USER_ACCESS__PK
EXTRA_USER_ACCESS

FILES__IDX
FILES

FILES__IDX2
FILES

FILES__PK
FILES

FILE_ENCODING__AK
FILE_ENCODING

FILE_ENCODING__PK
FILE_ENCODING

FILE_ERROR__PK
FILE_ERROR

FILE_PARAMS__PK
FILE_PARAMS

FILE_PARAM_SETS__AK
FILE_PARAM_SETS

FILE_PARAM_SETS__PK
FILE_PARAM_SETS

FILE_QUEUE__IDX1
FILE_QUEUE

FILE_QUEUE__PK
FILE_QUEUE

FILE_SETS__AK
FILE_SETS

FILE_TYPES__PK
FILE_TYPES

FORM_PACKS__PK
FORM_PACKS

FORM_TYPES__AK
FORM_TYPES

FORM_TYPES__PK
FORM_TYPES

FQT_TIER_LEVELS__AK
FQT_TIER_LEVELS

FQT_TIER_LEVELS__PK
FQT_TIER_LEVELS

FR_FORMS2__PK
FR_FORMS2

GENDER_TYPES__PK
GENDER_TYPES

GRAPH_RULES__IDX1
GRAPH_RULES

GRAPH_STAGES__PK
GRAPH_STAGES

GRAPH_TIMES__AK
GRAPH_TIMES

GRAPH_TIMES__PK
GRAPH_TIMES

GRP_IATCI_XML_IDX_GRP_ID
GRP_IATCI_XML

GRP_NORMS__AK
GRP_NORMS

GRP_NORMS__IDX
GRP_NORMS

GRP_RFISC_LISTS__PK
GRP_RFISC_LISTS

GRP_SERVICE_LISTS__IDX
GRP_SERVICE_LISTS

GRP_SERVICE_LISTS__PK
GRP_SERVICE_LISTS

GRP_STATUS_TYPES__PK
GRP_STATUS_TYPES

H2H_ADDRS__PK
H2H_ADDRS

H2H_CFG__PK
H2H_CFG

H2H_TLGS__PK
H2H_TLGS

HALLS2__PK
HALLS2

HALL_SET__AK
HALL_SET

HALL_SET__PK
HALL_SET

HISTORY_EVENTS__AK
HISTORY_EVENTS

HISTORY_EVENTS__IDX
HISTORY_EVENTS

HISTORY_EVENTS__IDX2
HISTORY_EVENTS

HISTORY_PARAMS__IDX
HISTORY_PARAMS

HISTORY_TABLES__AK
HISTORY_TABLES

HISTORY_TABLES__PK
HISTORY_TABLES

HIST_AGENCIES__AK
HIST_AGENCIES

HIST_AGENCIES__IDX
HIST_AGENCIES

HIST_AIRLINES__AK
HIST_AIRLINES

HIST_AIRLINES__IDX
HIST_AIRLINES

HIST_AIRLINE_OFFICES__AK
HIST_AIRLINE_OFFICES

HIST_AIRLINE_OFFICES__IDX
HIST_AIRLINE_OFFICES

HIST_AIRPS__AK
HIST_AIRPS

HIST_AIRPS__IDX
HIST_AIRPS

HIST_APIS_SETS__AK
HIST_APIS_SETS

HIST_APIS_SETS__IDX
HIST_APIS_SETS

HIST_APPS_SETS__AK
HIST_APPS_SETS

HIST_APPS_SETS__IDX
HIST_APPS_SETS

HIST_ARO_AIRLINES__AK
HIST_ARO_AIRLINES

HIST_ARO_AIRLINES__IDX
HIST_ARO_AIRLINES

HIST_ARO_AIRPS__AK
HIST_ARO_AIRPS

HIST_ARO_AIRPS__IDX
HIST_ARO_AIRPS

HIST_BAG_NORMS__AK
HIST_BAG_NORMS

HIST_BAG_NORMS__IDX
HIST_BAG_NORMS

HIST_BAG_RATES__AK
HIST_BAG_RATES

HIST_BAG_RATES__IDX
HIST_BAG_RATES

HIST_BAG_TYPES__AK
HIST_BAG_TYPES

HIST_BAG_TYPES__IDX
HIST_BAG_TYPES

HIST_BALANCE_SETS__AK
HIST_BALANCE_SETS

HIST_BALANCE_SETS__IDX
HIST_BALANCE_SETS

HIST_BI_SET__AK
HIST_BI_SET

HIST_BI_SET__IDX
HIST_BI_SET

HIST_BI_TYPES__AK
HIST_BI_TYPES

HIST_BI_TYPES__IDX
HIST_BI_TYPES

HIST_BP_SET__AK
HIST_BP_SET

HIST_BP_SET__IDX
HIST_BP_SET

HIST_BP_TYPES__AK
HIST_BP_TYPES

HIST_BP_TYPES__IDX
HIST_BP_TYPES

HIST_BT_SET__AK
HIST_BT_SET

HIST_BT_SET__IDX
HIST_BT_SET

HIST_CITIES__AK
HIST_CITIES

HIST_CITIES__IDX
HIST_CITIES

HIST_CKIN_CLIENT_SETS__AK
HIST_CKIN_CLIENT_SETS

HIST_CKIN_CLIENT_SETS__IDX
HIST_CKIN_CLIENT_SETS

HIST_CKIN_REM_TYPES__AK
HIST_CKIN_REM_TYPES

HIST_CKIN_REM_TYPES__IDX
HIST_CKIN_REM_TYPES

HIST_CODESHARE_SETS__AK
HIST_CODESHARE_SETS

HIST_CODESHARE_SETS__IDX
HIST_CODESHARE_SETS

HIST_COMP_REM_TYPES__AK
HIST_COMP_REM_TYPES

HIST_COMP_REM_TYPES__IDX
HIST_COMP_REM_TYPES

HIST_COMP_SUBCLS_SETS__AK
HIST_COMP_SUBCLS_SETS

HIST_COMP_SUBCLS_SETS__IDX
HIST_COMP_SUBCLS_SETS

HIST_COUNTRIES__AK
HIST_COUNTRIES

HIST_COUNTRIES__IDX
HIST_COUNTRIES

HIST_CRAFTS__AK
HIST_CRAFTS

HIST_CRAFTS__IDX
HIST_CRAFTS

HIST_CRS_SET__AK
HIST_CRS_SET

HIST_CRS_SET__IDX
HIST_CRS_SET

HIST_CRYPT_REQ_DATA__AK
HIST_CRYPT_REQ_DATA

HIST_CRYPT_REQ_DATA__IDX
HIST_CRYPT_REQ_DATA

HIST_CRYPT_SETS__AK
HIST_CRYPT_SETS

HIST_CRYPT_SETS__IDX
HIST_CRYPT_SETS

HIST_DCS_ADDR_SET__AK
HIST_DCS_ADDR_SET

HIST_DCS_ADDR_SET__IDX
HIST_DCS_ADDR_SET

HIST_DELAYS__AK
HIST_DELAYS

HIST_DELAYS__IDX
HIST_DELAYS

HIST_DESKS__AK
HIST_DESKS

HIST_DESKS__IDX
HIST_DESKS

HIST_DESKS__IDX2
HIST_DESKS

HIST_DESK_BP_SET__AK
HIST_DESK_BP_SET

HIST_DESK_BP_SET__IDX
HIST_DESK_BP_SET

HIST_DESK_GRP_SETS__AK
HIST_DESK_GRP_SETS

HIST_DESK_GRP_SETS__IDX
HIST_DESK_GRP_SETS

HIST_DESK_GRP__AK
HIST_DESK_GRP

HIST_DESK_GRP__IDX
HIST_DESK_GRP

HIST_DESK_OWNERS__AK
HIST_DESK_OWNERS

HIST_DESK_OWNERS__IDX
HIST_DESK_OWNERS

HIST_ET_ADDR_SET__AK
HIST_ET_ADDR_SET

HIST_ET_ADDR_SET__IDX
HIST_ET_ADDR_SET

HIST_EXCHANGE_RATES__AK
HIST_EXCHANGE_RATES

HIST_EXCHANGE_RATES__IDX
HIST_EXCHANGE_RATES

HIST_EXTRA_ROLE_ACCESS__AK
HIST_EXTRA_ROLE_ACCESS

HIST_EXTRA_ROLE_ACCESS__IDX
HIST_EXTRA_ROLE_ACCESS

HIST_EXTRA_USER_ACCESS__AK
HIST_EXTRA_USER_ACCESS

HIST_EXTRA_USER_ACCESS__IDX
HIST_EXTRA_USER_ACCESS

HIST_FILE_ENCODING__AK
HIST_FILE_ENCODING

HIST_FILE_ENCODING__IDX
HIST_FILE_ENCODING

HIST_FILE_PARAM_SETS__AK
HIST_FILE_PARAM_SETS

HIST_FILE_PARAM_SETS__IDX
HIST_FILE_PARAM_SETS

HIST_FILE_PARAM_SETS__IDX2
HIST_FILE_PARAM_SETS

HIST_FILE_PARAM_SETS__IDX3
HIST_FILE_PARAM_SETS

HIST_FORM_TYPES__AK
HIST_FORM_TYPES

HIST_FORM_TYPES__IDX
HIST_FORM_TYPES

HIST_GRAPH_TIMES__AK
HIST_GRAPH_TIMES

HIST_GRAPH_TIMES__IDX
HIST_GRAPH_TIMES

HIST_HALLS2__AK
HIST_HALLS2

HIST_HALLS2__IDX
HIST_HALLS2

HIST_HALL_SET__AK
HIST_HALL_SET

HIST_HALL_SET__IDX
HIST_HALL_SET

HIST_MISC_SET__AK
HIST_MISC_SET

HIST_MISC_SET__IDX
HIST_MISC_SET

HIST_OPERATORS__AK
HIST_OPERATORS

HIST_OPERATORS__IDX
HIST_OPERATORS

HIST_PACTS__AK
HIST_PACTS

HIST_PACTS__IDX
HIST_PACTS

HIST_PAID_CKIN_SETS__AK
HIST_PAID_CKIN_SETS

HIST_PAID_CKIN_SETS__IDX
HIST_PAID_CKIN_SETS

HIST_PAX_CATS__AK
HIST_PAX_CATS

HIST_PAX_CATS__IDX
HIST_PAX_CATS

HIST_PERS_WEIGHTS__AK
HIST_PERS_WEIGHTS

HIST_PERS_WEIGHTS__IDX
HIST_PERS_WEIGHTS

HIST_PLACE_CALC__AK
HIST_PLACE_CALC

HIST_PLACE_CALC__IDX
HIST_PLACE_CALC

HIST_REFUSAL_TYPES__AK
HIST_REFUSAL_TYPES

HIST_REFUSAL_TYPES__IDX
HIST_REFUSAL_TYPES

HIST_REM_EVENT_SETS__AK
HIST_REM_EVENT_SETS

HIST_REM_EVENT_SETS__IDX
HIST_REM_EVENT_SETS

HIST_ROLES__AK
HIST_ROLES

HIST_ROLES__IDX
HIST_ROLES

HIST_ROLE_ASSIGN_RIGHTS__AK
HIST_ROLE_ASSIGN_RIGHTS

HIST_ROLE_ASSIGN_RIGHTS__IDX
HIST_ROLE_ASSIGN_RIGHTS

HIST_ROLE_RIGHTS__AK
HIST_ROLE_RIGHTS

HIST_ROLE_RIGHTS__IDX
HIST_ROLE_RIGHTS

HIST_ROT__AK
HIST_ROT

HIST_ROT__IDX
HIST_ROT

HIST_SALE_DESKS__AK
HIST_SALE_DESKS

HIST_SALE_DESKS__IDX
HIST_SALE_DESKS

HIST_SALE_POINTS__AK
HIST_SALE_POINTS

HIST_SALE_POINTS__IDX
HIST_SALE_POINTS

HIST_SEAT_ALGO_SETS__AK
HIST_SEAT_ALGO_SETS

HIST_SEAT_ALGO_SETS__IDX
HIST_SEAT_ALGO_SETS

HIST_SELF_CKIN_SET__AK
HIST_SELF_CKIN_SET

HIST_SELF_CKIN_SET__IDX
HIST_SELF_CKIN_SET

HIST_STAGE_NAMES__AK
HIST_STAGE_NAMES

HIST_STAGE_NAMES__IDX
HIST_STAGE_NAMES

HIST_STAGE_SETS__AK
HIST_STAGE_SETS

HIST_STAGE_SETS__IDX
HIST_STAGE_SETS

HIST_STATIONS__AK
HIST_STATIONS

HIST_STATIONS__IDX
HIST_STATIONS

HIST_STATION_HALLS__AK
HIST_STATION_HALLS

HIST_STATION_HALLS__IDX
HIST_STATION_HALLS

HIST_TAG_COLORS__AK
HIST_TAG_COLORS

HIST_TAG_COLORS__IDX
HIST_TAG_COLORS

HIST_TAG_TYPES__AK
HIST_TAG_TYPES

HIST_TAG_TYPES__IDX
HIST_TAG_TYPES

HIST_TRANZIT_SET__AK
HIST_TRANZIT_SET

HIST_TRANZIT_SET__IDX
HIST_TRANZIT_SET

HIST_TRFER_SETS__AK
HIST_TRFER_SETS

HIST_TRFER_SETS__IDX
HIST_TRFER_SETS

HIST_TRFER_SET_FLTS__AK
HIST_TRFER_SET_FLTS

HIST_TRFER_SET_FLTS__IDX
HIST_TRFER_SET_FLTS

HIST_TRIP_LIST_DAYS__AK
HIST_TRIP_LIST_DAYS

HIST_TRIP_LIST_DAYS__IDX
HIST_TRIP_LIST_DAYS

HIST_TRIP_LITERS__AK
HIST_TRIP_LITERS

HIST_TRIP_LITERS__IDX
HIST_TRIP_LITERS

HIST_TRIP_TYPES__AK
HIST_TRIP_TYPES

HIST_TRIP_TYPES__IDX
HIST_TRIP_TYPES

HIST_TYPEB_ADDRS__AK
HIST_TYPEB_ADDRS

HIST_TYPEB_ADDRS__IDX
HIST_TYPEB_ADDRS

HIST_TYPEB_ADDRS__IDX2
HIST_TYPEB_ADDRS

HIST_TYPEB_ADDR_OPTIONS__AK
HIST_TYPEB_ADDR_OPTIONS

HIST_TYPEB_ADDR_OPTIONS__IDX
HIST_TYPEB_ADDR_OPTIONS

HIST_TYPEB_ADDR_OWNERS__AK
HIST_TYPEB_ADDR_OWNERS

HIST_TYPEB_ADDR_OWNERS__IDX
HIST_TYPEB_ADDR_OWNERS

HIST_TYPEB_ADDR_TRANS__AK
HIST_TYPEB_ADDR_TRANS_PARAMS

HIST_TYPEB_ADDR_TRANS__IDX
HIST_TYPEB_ADDR_TRANS_PARAMS

HIST_TYPEB_CREATE_POINTS__AK
HIST_TYPEB_CREATE_POINTS

HIST_TYPEB_CREATE_POINTS__IDX
HIST_TYPEB_CREATE_POINTS

HIST_TYPEB_ORIGINATORS__AK
HIST_TYPEB_ORIGINATORS

HIST_TYPEB_ORIGINATORS__IDX
HIST_TYPEB_ORIGINATORS

HIST_TYPEB_SEND__AK
HIST_TYPEB_SEND

HIST_TYPEB_SEND__IDX
HIST_TYPEB_SEND

HIST_USERS2__AK
HIST_USERS2

HIST_USERS2__IDX
HIST_USERS2

HIST_USER_ROLES__AK
HIST_USER_ROLES

HIST_USER_ROLES__IDX
HIST_USER_ROLES

HIST_USER_SETS__AK
HIST_USER_SETS

HIST_USER_SETS__IDX
HIST_USER_SETS

HIST_VALUE_BAG_TAXES__AK
HIST_VALUE_BAG_TAXES

HIST_VALUE_BAG_TAXES__IDX
HIST_VALUE_BAG_TAXES

HIST_WEB_CLIENTS__AK
HIST_WEB_CLIENTS

HIST_WEB_CLIENTS__IDX
HIST_WEB_CLIENTS

HOTEL_ACCOMMODATION__PK
HOTEL_ACCOMMODATION

HOTEL_ACCOM__IDX
HOTEL_ACCOMMODATION

HPT__PK
HTML_PAGES_TEXT

HP__PK
HTML_PAGES

HTTP_CLIENTS__PK
HTTP_CLIENTS

HTTP_CLNT_HDRS__AK
HTTP_CLIENT_HEADERS

HTTP_SETS__PK
HTTP_SETS

IATCI_SETTINGS_IDX_DCS_ID
IATCI_SETTINGS

IMAGES_DATA__PK
IMAGES_DATA

IMAGES__AK
IMAGES

IMAGES__PK
IMAGES

KIOSK_ALIAS_LIST__PK
KIOSK_ALIAS_LIST

KIOSK_ALIAS_LOCALE__PK
KIOSK_ALIAS_LOCALE

KIOSK_APP_LIST__FK
KIOSK_APP_LIST

KIOSK_LANG_TYPES__PK
KIOSK_LANG_TYPES

KUF_STAT_AIRLINES__PR
KUF_STAT_AIRLINES

KUF_STAT_AIRPS__PR
KUF_STAT_AIRPS

KUF_STAT_TEXT__PK
KUF_STAT_TEXT

KUF_STAT__PK
KUF_STAT

KUF_STAT__UK
KUF_STAT

LANG_TYPES__PK
LANG_TYPES

LAST_TAG_RANGES2__PK
LAST_TAG_RANGES2

LIMITED_CAPABILITY_STAT__PK
LIMITED_CAPABILITY_STAT

LOCALE_MESSAGES__PK
LOCALE_MESSAGES

LOCALE_MESSAGES__TID__IDX
LOCALE_MESSAGES

LOCALE_NOTICES__PK
LOCALE_NOTICES

MARK_TRIPS__AK
MARK_TRIPS

MARK_TRIPS__IDX
MARK_TRIPS

MARK_TRIPS__IDX2
MARK_TRIPS

MARK_TRIPS__PK
MARK_TRIPS

MASKING_CARDS_PROGRESS__PK
MASKING_CARDS_PROGRESS

MERIDIAN_AIRPS_OWNER__PK
MERIDIAN_AIRPS_OWNER

MISC_SET_FLTS__PK
MISC_SET_FLTS

MISC_SET_TYPES__PK
MISC_SET_TYPES

MISC_SET__AK
MISC_SET

MISC_SET__PK
MISC_SET

MOVE_ARX_EXT__IDX
MOVE_ARX_EXT

MOVE_REF__PK
MOVE_REF

MSGS__PK
MSGS

MSG_CONTENT__PK
MSG_CONTENT

MSG_FORMATS__PK
MSG_FORMATS

MSG_FORMAT_PARAMS__PK
MSG_FORMAT_PARAMS

MSG_FORMAT_TYPES__PK
MSG_FORMAT_TYPES

MSG_HANDLERS__PK
MSG_HANDLERS

MSG_HANDLER_PARAMS__PK
MSG_HANDLER_PARAMS

MSG_HANDLER_PROCESSES__PK
MSG_HANDLER_PROCESSES

MSG_HANDLER_TYPES__PK
MSG_HANDLER_TYPES

MSG_PARAMS__PK
MSG_PARAMS

MSG_PROCESSES__PK
MSG_PROCESSES

MSG_QUEUE__IDX1
MSG_QUEUE

MSG_QUEUE__IDX2
MSG_QUEUE

MSG_QUEUE__PK
MSG_QUEUE

MSG_SETS__PK
MSG_SETS

MSG_SET_DETAILS__AK
MSG_SET_DETAILS

MSG_SET_DETAILS__PK
MSG_SET_DETAILS

MSG_SET_PARAMS__AK
MSG_SET_PARAMS

MSG_SET_PARAMS__PK
MSG_SET_PARAMS

MSG_TRANSPORTS__PK
MSG_TRANSPORTS

OPERATORS__AK
OPERATORS

OPERATORS__PK
OPERATORS

OUTPUT_GATEWAYS__PK
OUTPUT_GATEWAYS

PACTS__IDX
PACTS

PACTS__PK
PACTS

PAID_BAG_EMD_PROPS__AK
PAID_BAG_EMD_PROPS

PAID_BAG_EMD_PROPS__IDX
PAID_BAG_EMD_PROPS

PAID_BAG_EMD__AK
PAID_BAG_EMD

PAID_BAG_EMD__IDX
PAID_BAG_EMD

PAID_BAG_EMD__IDX2
PAID_BAG_EMD

PAID_BAG_PC__IDX
PAID_BAG_PC

PAID_BAG__AK
PAID_BAG

PAID_BAG__IDX
PAID_BAG

PAID_BAG__IDX2
PAID_BAG

PAID_BAG__IDX3
PAID_BAG

PAID_CKIN_SETS__AK
PAID_CKIN_SETS

PAID_CKIN_SETS__PK
PAID_CKIN_SETS

PAID_RFISC__IDX
PAID_RFISC

PAID_RFISC__IDX2
PAID_RFISC

PAX_ALARMS__PK
PAX_ALARMS

PAX_ASVC__IDX
PAX_ASVC

PAX_BRANDS__PK
PAX_BRANDS

PAX_CATS__AK
PAX_CATS

PAX_CATS__PK
PAX_CATS

PAX_DOCA__PK
PAX_DOCA

PAX_DOCO__PK
PAX_DOCO

PAX_DOC_COUNTRIES__AK1
PAX_DOC_COUNTRIES

PAX_DOC_COUNTRIES__IDX
PAX_DOC_COUNTRIES

PAX_DOC_COUNTRIES__PK
PAX_DOC_COUNTRIES

PAX_DOC_TYPES__PK
PAX_DOC_TYPES

PAX_DOC__PK
PAX_DOC

PAX_EMD__IDX
PAX_EMD

PAX_EMD__IDX2
PAX_EMD

PAX_FQT__IDX
PAX_FQT

PAX_FQT__IDX2
PAX_FQT

PAX_GRP__IDX
PAX_GRP

PAX_GRP__IDX2
PAX_GRP

PAX_GRP__IDX3
PAX_GRP

PAX_GRP__IDX4
PAX_GRP

PAX_GRP__IDX5
PAX_GRP

PAX_GRP__IDX6
PAX_GRP

PAX_GRP__IDX7
PAX_GRP

PAX_GRP__PK
PAX_GRP

PAX_NAME_TITLES__PK
PAX_NAME_TITLES

PAX_NORMS_PC__PK
PAX_NORMS_PC

PAX_NORMS_TEXT__IDX
PAX_NORMS_TEXT

PAX_NORMS_TEXT__PK
PAX_NORMS_TEXT

PAX_NORMS__AK
PAX_NORMS

PAX_NORMS__IDX
PAX_NORMS

PAX_REM_ORIGIN__IDX
PAX_REM_ORIGIN

PAX_REM__IDX
PAX_REM

PAX_SEATS__AK
PAX_SEATS

PAX_SEATS__PK
PAX_SEATS

PAX_SERVICES_AUTO__IDX
PAX_SERVICES_AUTO

PAX_SERVICES__IDX
PAX_SERVICES

PAX_SERVICES__IDX2
PAX_SERVICES

PAX_SERVICE_LISTS__IDX
PAX_SERVICE_LISTS

PAX_SERVICE_LISTS__PK
PAX_SERVICE_LISTS

PAX__IDX
PAX

PAX__IDX2
PAX

PAX__PK
PAX

PAY_TYPES__AK1
PAY_TYPES

PAY_TYPES__IDX
PAY_TYPES

PAY_TYPES__PK
PAY_TYPES

PERS_TYPES__PK
PERS_TYPES

PERS_WEIGHTS__PK
PERS_WEIGHTS

PFS_STAT__IDX
PFS_STAT

PLACE_CALC__AK
PLACE_CALC

PLACE_CALC__PK
PLACE_CALC

PNR_ADDRS_PC__IDX
PNR_ADDRS_PC

PNR_ADDRS_PC__PK
PNR_ADDRS_PC

PNR_ADDRS__IDX
PNR_ADDRS

PNR_ADDRS__PK
PNR_ADDRS

PNR_MARKET_FLT__IDX
PNR_MARKET_FLT

PNR_MARKET_FLT__IDX2
PNR_MARKET_FLT

PNR_MARKET_FLT__IDX3
PNR_MARKET_FLT

PNR_MARKET_FLT__IDX4
PNR_MARKET_FLT

PNR_MARKET_FLT__PK
PNR_MARKET_FLT

POINTS_LAST_LOCK__PK
POINTS_LAST_LOCK

POINTS_LOCK_EVENTS__IDX
POINTS_LOCK_EVENTS

POINTS_LOCK_EVENTS__IDX2
POINTS_LOCK_EVENTS

POINTS_LOCK_STAT__IDX
POINTS_LOCK_STAT

POINTS__AK
POINTS

POINTS__DAVYDKIN__IDX
POINTS

POINTS__DAVYDKIN__IDX2
POINTS

POINTS__IDX
POINTS

POINTS__IDX2
POINTS

POINTS__IDX3
POINTS

POINTS__IDX4
POINTS

POINTS__IDX5
POINTS

POINTS__PK
POINTS

POINTS__TIME_IN_AIRP__IDX
POINTS

POINTS__TIME_OUT_AIRLINE__IDX
POINTS

POINTS__TIME_OUT_AIRP__IDX
POINTS

POSTPONED_TLG_EDISESS_ID
POSTPONED_TLG

PPR_A
PPR

PPR_AGN
PPR

PPR_AG_IDA
PPR

PPR_UN
PPR

PP_TLG_CONTEXT_MSG_ID
POSTPONED_TLG_CONTEXT

PRIGHTS__PK
PROFILED_RIGHTS_LIST

PRN_FORMS__PK
PRN_FORMS

PRN_FORM_VERS__PK
PRN_FORM_VERS

PRN_TAG_PROPS__PK
PRN_TAG_PROPS

PRN_TESTS__AK
PRN_TESTS

PRN_TEST_TAGS__PK
PRN_TEST_TAGS

PROFILE_RIGHTS__AK
PROFILE_RIGHTS

PROFILE_RIGHTS__PK
PROFILE_RIGHTS

RATE_COLORS__PK
RATE_COLORS

RCPT_BAG_NAMES__PK
RCPT_BAG_NAMES

RCPT_DOC_TYPES__AK1
RCPT_DOC_TYPES

RCPT_DOC_TYPES__IDX
RCPT_DOC_TYPES

RCPT_DOC_TYPES__PK
RCPT_DOC_TYPES

RCPT_SERVICE_TYPES__PK
RCPT_SERVICE_TYPES

REFUSAL_TYPES__AK1
REFUSAL_TYPES

REFUSAL_TYPES__AK2
REFUSAL_TYPES

REFUSAL_TYPES__PK
REFUSAL_TYPES

REG_A
REG

REG_DOP
REG

REG_UN_L
REG

REG_UN_R
REG

REMOTE_RESULTS_IDX_DATECR
REMOTE_RESULTS

REMOTE_RESULTS_IDX_INTMSGID
REMOTE_RESULTS

REMOTE_RESULTS_UN_EDISESS
REMOTE_RESULTS

REM_CATS__PK
REM_CATS

REM_EVENT_SETS__AK
REM_EVENT_SETS

REM_EVENT_SETS__AK1
REM_EVENT_SETS

REM_EVENT_SETS__PK
REM_EVENT_SETS

REM_EVENT_TYPES__PK
REM_EVENT_TYPES

REM_GRP__PK
REM_GRP

REM_TYPES__AK1
COMP_REM_TYPES

REM_TYPES__PK
COMP_REM_TYPES

REPORT_TYPES__PK
REPORT_TYPES

RFIC_TYPES__AK
RFIC_TYPES

RFIC_TYPES__PK
RFIC_TYPES

RFISC_BAG_PROPS__AK
RFISC_BAG_PROPS

RFISC_BAG_PROPS__PK
RFISC_BAG_PROPS

RFISC_COMP_PROPS__AK
RFISC_COMP_PROPS

RFISC_COMP_PROPS__AK2
RFISC_COMP_PROPS

RFISC_COMP_PROPS__PK
RFISC_COMP_PROPS

RFISC_LIST_ITEMS__PK
RFISC_LIST_ITEMS

RFISC_RATES_SELF_CKIN__AK
RFISC_RATES_SELF_CKIN

RFISC_RATES_SELF_CKIN__PK
RFISC_RATES_SELF_CKIN

RFISC_RATES__IDX
RFISC_RATES

RFISC_RATES__PK
RFISC_RATES

RFISC_SETS__AK
RFISC_SETS

RFISC_SETS__PK
RFISC_SETS

RFISC_STAT__IDX
RFISC_STAT

RFISC_STAT__IDX2
RFISC_STAT

RFISC_STAT__IDX3
RFISC_STAT

RFISC_STAT__IDX4
RFISC_STAT

RIGHTS_LIST__PK
RIGHTS_LIST

ROLES__AK
ROLES

ROLES__PK
ROLES

ROLE_ASSIGN_RIGHTS__AK
ROLE_ASSIGN_RIGHTS

ROLE_ASSIGN_RIGHTS__PK
ROLE_ASSIGN_RIGHTS

ROLE_RIGHTS__AK
ROLE_RIGHTS

ROLE_RIGHTS__PK
ROLE_RIGHTS

ROT__AK
ROT

ROT__PK
ROT

ROUTES__IDX
ROUTES

ROUTES__IDX2
ROUTES

ROUTES__PK
ROUTES

ROZYSK__AK
ROZYSK

ROZYSK__IDX
ROZYSK

SALE_DESKS__AK
SALE_DESKS

SALE_DESKS__PK
SALE_DESKS

SALE_POINTS__AK
SALE_POINTS

SALE_POINTS__PK
SALE_POINTS

SCHEDULES__PK
SCHEDULES

SCHED_DAYS__PK
SCHED_DAYS

SCHED_EQUIPMENT__AK
SCHED_EQUIPMENT

SCHED_EQUIPMENT__PK
SCHED_EQUIPMENT

SCHED_FLIGHTS__FLIGHT__IDX
SCHED_FLIGHTS

SCHED_FLIGHTS__PK
SCHED_FLIGHTS

SCHED_PROPS_SETS__PK
SCHED_PROPS_SETS

SCHED_ROUTES__PK
SCHED_ROUTES

SCHED_SEGMENTS__PK
SCHED_SEGMENTS

SCREEN_RIGHTS__PK
SCREEN_RIGHTS

SCREEN__AK
SCREEN

SCREEN__PK
SCREEN

SEAT_ALGO_SETS__AK
SEAT_ALGO_SETS

SEAT_ALGO_SETS__PK
SEAT_ALGO_SETS

SEAT_ALGO_TYPES__PK
SEAT_ALGO_TYPES

SEAT_REM_LAYERS__AK
SEAT_REM_LAYERS

SEAT_TYPES__PK
SEAT_TYPES

SELF_CKIN_SET__AK
SELF_CKIN_SET

SELF_CKIN_SET__PK
SELF_CKIN_SET

SELF_CKIN_STAT__AK
SELF_CKIN_STAT

SELF_CKIN_STAT__IDX
SELF_CKIN_STAT

SERVICE_LISTS__IDX
SERVICE_LISTS

SERVICE_LISTS__PK
SERVICE_LISTS

SERVICE_PAYMENT__AK
SERVICE_PAYMENT

SERVICE_PAYMENT__IDX
SERVICE_PAYMENT

SERVICE_PAYMENT__IDX2
SERVICE_PAYMENT

SERVICE_PAYMENT__IDX3
SERVICE_PAYMENT

SERVICE_PAYMENT__IDX4
SERVICE_PAYMENT

SERVICE_STAT__IDX
SERVICE_STAT

SERVICE_TYPES__PK
SERVICE_TYPES

SNAPSHOT_PARAMS__PK
SNAPSHOT_PARAMS

SNAPSHOT_POINTS__PK
SNAPSHOT_POINTS

SOFI_FILES__PK
SOFI_FILES

STAGE_NAMES__AK
STAGE_NAMES

STAGE_NAMES__PK
STAGE_NAMES

STAGE_SETS__AK
STAGE_SETS

STAGE_SETS__PK
STAGE_SETS

STAGE_STATUSES__PK
STAGE_STATUSES

STAGE_TYPES__PK
STAGE_TYPES

STATIONS__AK2
STATIONS

STATIONS__PK
STATIONS

STATION_HALLS__AK
STATION_HALLS

STATION_HALLS__IDX
STATION_HALLS

STATION_HALLS__PK
STATION_HALLS

STAT_LEVELS__IDX1
STAT_LEVELS

STAT_LEVELS__IDX2
STAT_LEVELS

STAT_LEVELS__PK
STAT_LEVELS

STAT_ORDERS_DATA__PK
STAT_ORDERS_DATA

STAT_ORDERS__PK
STAT_ORDERS

STAT_PARAMS__IDX
STAT_PARAMS

STAT_PARAMS__PK
STAT_PARAMS

STAT_TYPES__IDX1
STAT_TYPES

STAT_TYPES__PK
STAT_TYPES

STAT__AK
STAT

STAT__IDX
STAT

SUBCLS_GRP__PK
SUBCLS_GRP

SUBCLS__PK
SUBCLS

TAG_COLORS__AK
TAG_COLORS

TAG_COLORS__PK
TAG_COLORS

TAG_PACKS__PK
TAG_PACKS

TAG_RANGES2__IDX
TAG_RANGES2

TAG_RANGES2__IDX2
TAG_RANGES2

TAG_RANGES2__PK
TAG_RANGES2

TAG_TYPES__AK
TAG_TYPES

TAG_TYPES__PK
TAG_TYPES

TASKS__PK
TASKS

TCKIN_PAX_GRP__AK
TCKIN_PAX_GRP

TCKIN_PAX_GRP__PK
TCKIN_PAX_GRP

TCKIN_SEGMENTS__IDX
TCKIN_SEGMENTS

TCKIN_SEGMENTS__IDX2
TCKIN_SEGMENTS

TCKIN_SEGMENTS__PK
TCKIN_SEGMENTS

TCP_CLIENTS__PK
TCP_CLIENTS

TCP_CLIENT_TYPES__PK
TCP_CLIENT_TYPES

TCP_DATA_EVENTS__PK
TCP_DATA_EVENTS

TCP_MSG_TYPES__PK
TCP_MSG_TYPES

TERM_MODES__PK
TERM_MODES

TERM_PARAM_AIRLINES__AK1
TERM_PARAM_AIRLINES

TERM_PARAM_AIRLINES__AK2
TERM_PARAM_AIRLINES

TERM_PARAM_AIRLINES__AK3
TERM_PARAM_AIRLINES

TEST_PAX__PK
TEST_PAX

TEXT_TLG_H2H_INDEX
TEXT_TLG_H2H

TLGS_IN__IDX
TLGS_IN

TLGS_IN__IDX2
TLGS_IN

TLGS_IN__IDX3
TLGS_IN

TLGS_IN__PK
TLGS_IN

TLGS_TEXT__PK
TLGS_TEXT

TLGS__IDX
TLGS

TLGS__IDX2
TLGS

TLGS__IDX3
TLGS

TLGS__PK
TLGS

TLG_BINDING__AK
TLG_BINDING

TLG_BINDING__AK2
TLG_BINDING

TLG_COMP_LAYERS__IDX
TLG_COMP_LAYERS

TLG_COMP_LAYERS__IDX2
TLG_COMP_LAYERS

TLG_COMP_LAYERS__IDX3
TLG_COMP_LAYERS

TLG_COMP_LAYERS__IDX4
TLG_COMP_LAYERS

TLG_COMP_LAYERS__PK
TLG_COMP_LAYERS

TLG_ERROR__PK
TLG_ERROR

TLG_OUT__IDX
TLG_OUT

TLG_OUT__IDX2
TLG_OUT

TLG_OUT__IDX3
TLG_OUT

TLG_OUT__PK
TLG_OUT

TLG_QUEUE__IDX1
TLG_QUEUE

TLG_QUEUE__IDX2
TLG_QUEUE

TLG_QUEUE__PK
TLG_QUEUE

TLG_SOURCE__IDX
TLG_SOURCE

TLG_SOURCE__PK
TLG_SOURCE

TLG_STAT__IDX1
TLG_STAT

TLG_STAT__IDX2
TLG_STAT

TLG_STAT__IDX3
TLG_STAT

TLG_STAT__IDX4
TLG_STAT

TLG_STAT__IDX5
TLG_STAT

TLG_STAT__IDX6
TLG_STAT

TLG_TRANSFER__IDX1
TLG_TRANSFER

TLG_TRANSFER__IDX2
TLG_TRANSFER

TLG_TRANSFER__PK
TLG_TRANSFER

TLG_TRFER_EXCEPTS__PK
TLG_TRFER_EXCEPTS

TLG_TRFER_ONWARDS__PK
TLG_TRFER_ONWARDS

TLG_TRIPS__IDX1
TLG_TRIPS

TLG_TRIPS__IDX2
TLG_TRIPS

TLG_TRIPS__IDX3
TLG_TRIPS

TLG_TRIPS__IDX4
TLG_TRIPS

TLG_TRIPS__IDX5
TLG_TRIPS

TLG_TRIPS__PK
TLG_TRIPS

TRANSFER_SUBCLS__PK
TRANSFER_SUBCLS

TRANSFER__IDX
TRANSFER

TRANSFER__IDX2
TRANSFER

TRANSFER__PK
TRANSFER

TRANSLIT_DICTS__PK
TRANSLIT_DICTS

TRANZIT_ALGO_SEATS_POINTS__IDX
TRANZIT_ALGO_SEATS_POINTS

TRANZIT_ALGO_SEATS__AK
TRANZIT_ALGO_SEATS

TRANZIT_ALGO_SEATS__PK
TRANZIT_ALGO_SEATS

TRANZIT_SET__AK
TRANZIT_SET

TRANZIT_SET__PK
TRANZIT_SET

TRFER_GRP__IDX
TRFER_GRP

TRFER_GRP__PK
TRFER_GRP

TRFER_PAX_STAT__IDX
TRFER_PAX_STAT

TRFER_PAX_STAT__IDX1
TRFER_PAX_STAT

TRFER_PAX_STAT__PK
TRFER_PAX_STAT

TRFER_PAX__IDX
TRFER_PAX

TRFER_SETS__IDX
TRFER_SETS

TRFER_SETS__PK
TRFER_SETS

TRFER_SET_FLTS__AK
TRFER_SET_FLTS

TRFER_SET_FLTS__PK
TRFER_SET_FLTS

TRFER_STAT__PK
TRFER_STAT

TRFER_TAGS__IDX
TRFER_TAGS

TRFER_TRIPS__AK
TRFER_TRIPS

TRFER_TRIPS__IDX
TRFER_TRIPS

TRFER_TRIPS__PK
TRFER_TRIPS

TRIP_ALARMS__PK
TRIP_ALARMS

TRIP_APIS_PARAMS__PK
TRIP_APIS_PARAMS

TRIP_AUTO_WEIGHING__PK
TRIP_AUTO_WEIGHING

TRIP_BP__AK
TRIP_BP

TRIP_BT__AK
TRIP_BT

TRIP_CALC_DATA__PK
TRIP_CALC_DATA

TRIP_CKIN_CLIENT__AK
TRIP_CKIN_CLIENT

TRIP_CLASSES__PK
TRIP_CLASSES

TRIP_COMP_BASELAYERS__PK
TRIP_COMP_BASELAYERS

TRIP_COMP_ELEMS__AK
TRIP_COMP_ELEMS

TRIP_COMP_ELEMS__PK
TRIP_COMP_ELEMS

TRIP_COMP_LAYERS__IDX
TRIP_COMP_LAYERS

TRIP_COMP_LAYERS__IDX2
TRIP_COMP_LAYERS

TRIP_COMP_LAYERS__IDX3
TRIP_COMP_LAYERS

TRIP_COMP_LAYERS__IDX4
TRIP_COMP_LAYERS

TRIP_COMP_LAYERS__IDX5
TRIP_COMP_LAYERS

TRIP_COMP_LAYERS__IDX6
TRIP_COMP_LAYERS

TRIP_COMP_LAYERS__PK
TRIP_COMP_LAYERS

TRIP_COMP_RANGES__IDX
TRIP_COMP_RANGES

TRIP_COMP_RANGES__PK
TRIP_COMP_RANGES

TRIP_COMP_RATES__PK
TRIP_COMP_RATES

TRIP_COMP_REM__PK
TRIP_COMP_REM

TRIP_COMP_RFISC__PK
TRIP_COMP_RFISC

TRIP_CREW__PK
TRIP_CREW

TRIP_DATA__PK
TRIP_DATA

TRIP_DELAYS__PK
TRIP_DELAYS

TRIP_FINAL_STAGES__PK
TRIP_FINAL_STAGES

TRIP_HALL__AK
TRIP_HALL

TRIP_LIST_DAYS__AK
TRIP_LIST_DAYS

TRIP_LIST_DAYS__PK
TRIP_LIST_DAYS

TRIP_LITERS__AK1
TRIP_LITERS

TRIP_LITERS__PK
TRIP_LITERS

TRIP_LOAD__IDX
TRIP_LOAD

TRIP_LOAD__PK
TRIP_LOAD

TRIP_PAID_CKIN__PK
TRIP_PAID_CKIN

TRIP_PERS_WEIGHTS__AK
TRIP_PERS_WEIGHTS

TRIP_RPT_PERSON__PK
TRIP_RPT_PERSON

TRIP_SETS__PK
TRIP_SETS

TRIP_STAGES__IDX
TRIP_STAGES

TRIP_STAGES__PK
TRIP_STAGES

TRIP_STATIONS__PK
TRIP_STATIONS

TRIP_SUFFIXES__AK
TRIP_SUFFIXES

TRIP_SUFFIXES__PK
TRIP_SUFFIXES

TRIP_TASKS__AK
TRIP_TASKS

TRIP_TASKS__IDX
TRIP_TASKS

TRIP_TASKS__PK
TRIP_TASKS

TRIP_TYPES__AK1
TRIP_TYPES

TRIP_TYPES__PK
TRIP_TYPES

TRIP_VOUCHERS__PK
TRIP_VOUCHERS

TYPEB_ADDRS__PK
TYPEB_ADDRS

TYPEB_ADDR_OPTIONS__AK
TYPEB_ADDR_OPTIONS

TYPEB_ADDR_OPTIONS__PK
TYPEB_ADDR_OPTIONS

TYPEB_ADDR_OWNERS__AK
TYPEB_ADDR_OWNERS

TYPEB_ADDR_OWNERS__PK
TYPEB_ADDR_OWNERS

TYPEB_ADDR_TRANS_PARAMS__AK
TYPEB_ADDR_TRANS_PARAMS

TYPEB_ADDR_TRANS_PARAMS__PK
TYPEB_ADDR_TRANS_PARAMS

TYPEB_CREATE_POINTS__AK
TYPEB_CREATE_POINTS

TYPEB_CREATE_POINTS__PK
TYPEB_CREATE_POINTS

TYPEB_DATA_STAT__PK
TYPEB_DATA_STAT

TYPEB_HELP__PK
TYPEB_HELP

TYPEB_IN_BODY__PK
TYPEB_IN_BODY

TYPEB_IN_ERRORS__AK
TYPEB_IN_ERRORS

TYPEB_IN_HISTORY__AK1
TYPEB_IN_HISTORY

TYPEB_IN_HISTORY__AK2
TYPEB_IN_HISTORY

TYPEB_IN_HISTORY__PK
TYPEB_IN_HISTORY

TYPEB_IN__PK
TYPEB_IN

TYPEB_OPTIONS__PK
TYPEB_OPTIONS

TYPEB_OPTION_VALUES__PK
TYPEB_OPTION_VALUES

TYPEB_ORIGINATORS__PK
TYPEB_ORIGINATORS

TYPEB_OUT_ERRORS__AK
TYPEB_OUT_ERRORS

TYPEB_OUT_EXTRA__PK
TYPEB_OUT_EXTRA

TYPEB_SENDERS__PK
TYPEB_SENDERS

TYPEB_SENDER_SYSTEMS__PK
TYPEB_SENDER_SYSTEMS

TYPEB_SEND__AK
TYPEB_SEND

TYPEB_SEND__PK
TYPEB_SEND

TYPEB_TYPES__PK
TYPEB_TYPES

UNACCOMP_BAG_INFO__PK
UNACCOMP_BAG_INFO

UNACCOMP_BAG_NAMES__PK
UNACCOMP_BAG_NAMES

USERS2__AK1
USERS2

USERS2__IDX
USERS2

USERS2__IDX2
USERS2

USERS2__PK
USERS2

USER_ROLES__AK
USER_ROLES

USER_ROLES__IDX
USER_ROLES

USER_ROLES__PK
USER_ROLES

USER_SETS__PK
USER_SETS

USER_SET_TYPES__PK
USER_SET_TYPES

USER_TYPES__PK
USER_TYPES

UTG_PRL__PK
UTG_PRL

VALIDATOR_TYPES__AK
VALIDATOR_TYPES

VALIDATOR_TYPES__PK
VALIDATOR_TYPES

VALUE_BAG_TAXES__IDX
VALUE_BAG_TAXES

VALUE_BAG_TAXES__PK
VALUE_BAG_TAXES

VALUE_BAG__IDX
VALUE_BAG

VALUE_BAG__PK
VALUE_BAG

VOUCHER_STAT__IDX
VOUCHER_STAT

VOUCHER_STAT__IDX1
VOUCHER_STAT

VOUCHER_STAT__IDX2
VOUCHER_STAT

VOUCHER_STAT__PK
VOUCHER_STAT

VOUCHER_TYPES__PK
VOUCHER_TYPES

WAITLIST_TYPES__PK
WAITLIST_TYPES

WB_MSG_TEXT__PK
WB_MSG_TEXT

WB_MSG__IDX
WB_MSG

WB_MSG__PK
WB_MSG

WC_COUPON_INDEX_RL
WC_COUPON

WC_COUPON_PK
WC_COUPON

WC_PNR_PK
WC_PNR

WC_TICKET_INDEX_RL
WC_TICKET

WC_TICKET_PK
WC_TICKET

WEB_CLIENTS__AK1
WEB_CLIENTS

WEB_CLIENTS__AK2
WEB_CLIENTS

WEB_CLIENTS__AK3
WEB_CLIENTS

WEB_CLIENTS__PK
WEB_CLIENTS

WEB_SALES__AK
WEB_SALES

WEB_SALES__PK
WEB_SALES


1065 rows selected.

