ADM_CACHE_TABLES
ADM_DACHE_TABLES
AER
AGENCIES
AGENT_STAT
AGN
AIRLINES
AIRLINE_OFFICES
AIRLINE_PROFILES
AIRPS
AIRP_TERMINALS
ALARM_TYPES
ANNUL_BAG
ANNUL_TAGS
AODB_AIRLINES
AODB_AIRPS
AODB_BAG
AODB_BAG_NAMES
AODB_CRAFTS
AODB_EVENTS
AODB_LITERS
AODB_PAX
AODB_PAX_CHANGE
AODB_POINTS
AODB_SPP_FILES
AODB_STATIONS
AODB_UNACCOMP
APIS_CUSTOMS
APIS_FORMATS
APIS_SETS
APPS_MESSAGES
APPS_PAX_DATA
APPS_SETS
AREA_COUNTRIES
AREA_TYPES
ARO_AIRLINES
ARO_AIRPS
ARX_AGENT_STAT
ARX_ANNUL_BAG
ARX_ANNUL_TAGS
ARX_BAG2
ARX_BAG_NORMS
ARX_BAG_PAY_TYPES
ARX_BAG_PREPAY
ARX_BAG_RATES
ARX_BAG_RECEIPTS
ARX_BAG_TAGS
ARX_CRS_DISPLACE2
ARX_EVENTS
ARX_EXCHANGE_RATES
ARX_GRP_NORMS
ARX_LIMITED_CAPABILITY_STAT
ARX_MARK_TRIPS
ARX_MOVE_REF
ARX_PAID_BAG
ARX_PAX
ARX_PAX_DOC
ARX_PAX_DOCA
ARX_PAX_DOCO
ARX_PAX_GRP
ARX_PAX_NORMS
ARX_PAX_REM
ARX_POINTS
ARX_RFISC_STAT
ARX_SELF_CKIN_STAT
ARX_SERVICE_STAT
ARX_STAT
ARX_TCKIN_SEGMENTS
ARX_TLGS_IN
ARX_TLG_OUT
ARX_TLG_STAT
ARX_TRANSFER
ARX_TRANSFER_SUBCLS
ARX_TRFER_STAT
ARX_TRIP_CLASSES
ARX_TRIP_DELAYS
ARX_TRIP_LOAD
ARX_TRIP_SETS
ARX_TRIP_STAGES
ARX_UNACCOMP_BAG_INFO
ARX_VALUE_BAG
ARX_VALUE_BAG_TAXES
BAG2
BAG_NORMS
BAG_NORM_TYPES
BAG_PAY_TYPES
BAG_PREPAY
BAG_RATES
BAG_RCPT_KITS
BAG_RECEIPTS
BAG_TAGS
BAG_TYPES
BAG_TYPES_LISTS
BAG_TYPE_LIST_ITEMS
BAG_UNACCOMP
BALANCE_SETS
BALANCE_TYPES
BASEL_STAT
BASE_BORT
BCBP_REPRINT_OPTIONS
BI_AIRLINE_SERVICE
BI_HALLS
BI_PRINT_RULES
BI_PRINT_TYPES
BP_MODELS
BP_SET
BP_TYPES
BRANDS
BRAND_FARES
BR_MODELS
BT_MODELS
BT_SET
CACHE_CHILD_FIELDS
CACHE_CHILD_TABLES
CACHE_FIELDS
CACHE_TABLES
CHANNELS
CITIES
CKIN_CLIENT_SETS
CKIN_CLIENT_STAGES
CKIN_REM_TYPES
CKI_DATA
CLASSES
CLIENT_ERROR_LIST
CLIENT_TYPES
CLS_GRP
COBRA_AIRLINES
COBRA_AIRPS
COBRA_AIRPS1
COBRA_CRAFTS
COBRA_POINTS
CODESHARE_SETS
CODE_SYNC_ERROR
COLLECT_PAX
COMPARE_COMP_LAYERS
COMPART_DESC_SETS
COMPART_DESC_TYPES
COMPS
COMP_BASELAYERS
COMP_CLASSES
COMP_ELEMS
COMP_ELEM_TYPES
COMP_LAYER_RULES
COMP_LAYER_TYPES
COMP_RATES
COMP_REM
COMP_REM_TYPES
COMP_RFISC
COMP_SECTIONS
COMP_SUBCLS_SETS
CONFIRM_PRINT
CONT
CONTEXT
COUNTERS2
COUNTERS_BY_SUBCLS
COUNTRIES
CRAFTS
CREATED_FLTS
CRS_COUNTERS
CRS_DATA
CRS_DATA_STAT
CRS_DISPLACE2
CRS_INF
CRS_PAX
CRS_PAX_ALARMS
CRS_PAX_ASVC
CRS_PAX_CHKD
CRS_PAX_DOC
CRS_PAX_DOCA
CRS_PAX_DOCO
CRS_PAX_FQT
CRS_PAX_REFUSE
CRS_PAX_REM
CRS_PAX_TKN
CRS_PNR
CRS_RBD
CRS_SET
CRS_TRANSFER
CRYPT_FILES
CRYPT_FILE_PARAMS
CRYPT_REQ_DATA
CRYPT_SERVER
CRYPT_SETS
CRYPT_TERM_CERT
CRYPT_TERM_REQ
CURRENCY
DACHE_CHILD_FIELDS
DACHE_CHILD_TABLES
DACHE_FIELDS
DACHE_TABLES
DATE_TIME_ZONESPEC
DCITIES
DCS_ADDR_SET
DCS_BAG
DCS_TAGS
DEFERRED_CKI_DATA
DELAYS
DESKS
DESK_BP_SET
DESK_DISABLE_NOTICES
DESK_GRP
DESK_GRP_SETS
DESK_LOGGING
DESK_NOTICES
DESK_OWNERS
DESK_TRACES
DEV_EVENT_CMD
DEV_FMT_OPERS
DEV_FMT_TYPES
DEV_MODELS
DEV_MODEL_DEFAULTS
DEV_MODEL_FMT_PARAMS
DEV_MODEL_PARAMS
DEV_MODEL_SESS_FMT
DEV_OPER_TYPES
DEV_SESS_MODES
DEV_SESS_TYPES
DOC
DPOINTS
DROP_AIRP_TERMINALS
DROP_BI_HALLS
DROP_ETICKS_DISPLAY
DROP_HALLS2
DROP_ME
DROP_ME1
DROP_ME2
DROP_NAT_STAT
DROP_PAID_BAG_EMD
DROP_PAID_BAG_PC
DROP_PC_WT_STAT
DROP_PRIOR_ROUTES
DROP_PRIOR_SCHED_DAYS
DROP_RFISC_STAT
DROP_TEST_APIS
DROP_TEST_APIS10
DROP_TEST_APIS11
DROP_TEST_APIS2
DROP_TEST_APIS3
DROP_TEST_APIS4
DROP_TEST_NORM_ERRORS
DROP_TEST_NORM_PROCESSED
DROP_TIMEOUT_ERRORS
DROP_TRANSFER
DROUTES
DSCHED_DAYS
DSEASONS
DSHED_DAYS
EDIFACT_PROFILES
EDISESSION
EDISESSION_TIMEOUTS
EDI_ADDRS
EDI_CFG
EDI_CFG_MSG
EDI_COMPOSITE
EDI_DATA_ELEM
EDI_H2H_ADDRS
EDI_HELP
EDI_MESSAGES
EDI_SEGMENT
EDI_STR_COMPOSITE
EDI_STR_MESSAGE
EDI_STR_SEGMENT
EMDOCS
ENCODINGS
ETICKETS
ETICKS_DISPLAY
ET_ADDR_SET
EVENTS_BILINGUAL
EXCHANGE_RATES
EXTRA_ROLE_ACCESS
EXTRA_USER_ACCESS
FILES
FILE_ENCODING
FILE_ERROR
FILE_PARAMS
FILE_PARAM_SETS
FILE_QUEUE
FILE_SETS
FILE_TYPES
FORM_PACKS
FORM_TYPES
FQT_TIER_LEVELS
FR_FORMS2
GENDER_TYPES
GRAPH_RULES
GRAPH_STAGES
GRAPH_TIMES
GRP_IATCI_XML
GRP_IATCI_XML_TMP
GRP_NORMS
GRP_RFISC_LISTS
GRP_SERVICE_LISTS
GRP_STATUS_TYPES
H2H_ADDRS
H2H_CFG
H2H_TLGS
HALLS2
HALL_SET
HISTORY_EVENTS
HISTORY_PARAMS
HISTORY_TABLES
HIST_AGENCIES
HIST_AIRLINES
HIST_AIRLINE_OFFICES
HIST_AIRLINE_PROFILES
HIST_AIRPS
HIST_AIRP_TERMINALS
HIST_APIS_SETS
HIST_APPS_SETS
HIST_ARO_AIRLINES
HIST_ARO_AIRPS
HIST_BAG_NORMS
HIST_BAG_RATES
HIST_BAG_TYPES
HIST_BAG_UNACCOMP
HIST_BAG_UNNACOMP
HIST_BALANCE_SETS
HIST_BCBP_REPRINT_OPTIONS
HIST_BI_AIRLINE_SERVICE
HIST_BI_HALLS
HIST_BI_PRINT_RULES
HIST_BI_SET
HIST_BI_TYPES
HIST_BP_SET
HIST_BP_TYPES
HIST_BRANDS
HIST_BRAND_FARES
HIST_BT_SET
HIST_CACHE_FIELDS
HIST_CACHE_TABLES
HIST_CITIES
HIST_CKIN_CLIENT_SETS
HIST_CKIN_REM_TYPES
HIST_CODESHARE_SETS
HIST_COMP_REM_TYPES
HIST_COMP_SUBCLS_SETS
HIST_COUNTRIES
HIST_CRAFTS
HIST_CRS_SET
HIST_CRYPT_REQ_DATA
HIST_CRYPT_SETS
HIST_DCS_ADDR_SET
HIST_DELAYS
HIST_DESKS
HIST_DESK_BP_SET
HIST_DESK_GRP
HIST_DESK_GRP_SETS
HIST_DESK_OWNERS
HIST_ET_ADDR_SET
HIST_EXCHANGE_RATES
HIST_EXTRA_ROLE_ACCESS
HIST_EXTRA_USER_ACCESS
HIST_FILE_ENCODING
HIST_FILE_PARAM_SETS
HIST_FORM_TYPES
HIST_FQT_TIER_LEVELS
HIST_GRAPH_TIMES
HIST_HALLS2
HIST_HALL_SET
HIST_INFO
HIST_MISC_SET
HIST_OPERATORS
HIST_PACTS
HIST_PAID_CKIN_SETS
HIST_PAX_CATS
HIST_PERS_WEIGHTS
HIST_PLACE_CALC
HIST_PROFILE_RIGHTS
HIST_REFUSAL_TYPES
HIST_REM_EVENT_SETS
HIST_RFISC_BAG_PROPS
HIST_RFISC_COMP_PROPS
HIST_RFISC_RATES
HIST_RFISC_RATES_SELF_CKIN
HIST_RFISC_TYPES
HIST_ROLES
HIST_ROLE_ASSIGN_RIGHTS
HIST_ROLE_RIGHTS
HIST_ROT
HIST_SALE_DESKS
HIST_SALE_POINTS
HIST_SEAT_ALGO_SETS
HIST_SELF_CKIN_SET
HIST_SPECIAL_ENTER
HIST_STAGE_NAMES
HIST_STAGE_SETS
HIST_STATIONS
HIST_STATION_HALLS
HIST_TAG_COLORS
HIST_TAG_TYPES
HIST_TRANZIT_SET
HIST_TRFER_SETS
HIST_TRFER_SET_FLTS
HIST_TRIP_LIST_DAYS
HIST_TRIP_LITERS
HIST_TRIP_TYPES
HIST_TYPEB_ADDRS
HIST_TYPEB_ADDR_OPTIONS
HIST_TYPEB_ADDR_OWNERS
HIST_TYPEB_ADDR_TRANS_PARAMS
HIST_TYPEB_CREATE_POINTS
HIST_TYPEB_ORIGINATORS
HIST_TYPEB_SEND
HIST_USERS2
HIST_USER_ROLES
HIST_USER_SETS
HIST_VALUE_BAG_TAXES
HIST_WEB_CLIENTS
HTML_PAGES
HTML_PAGES_TEXT
HTTP_CLIENTS
HTTP_CLIENT_HEADERS
HTTP_SETS
IATCI_SETTINGS
ICU_BOOST_CONV
ICU_ROUTES
ICU_SCHED_DAYS
IMAGES
IMAGES_DATA
KUF_STAT
KUF_STAT_AIRLINES
KUF_STAT_AIRPS
KUF_STAT_TEXT
LANG_TYPES
LAST_TAG_RANGES2
LIMITED_CAPABILITY_STAT
LOCALE_MESSAGES
LOCALE_NOTICES
MARK_TRIPS
MERIDIAN_AIRPS_OWNER
MISC_SET
MISC_SET_FLTS
MISC_SET_TYPES
MOVE_ARX_EXT
MOVE_REF
MSGS
MSG_CONTENT
MSG_FORMATS
MSG_FORMAT_PARAMS
MSG_FORMAT_TYPES
MSG_HANDLERS
MSG_HANDLER_PARAMS
MSG_HANDLER_PROCESSES
MSG_HANDLER_TYPES
MSG_PARAMS
MSG_PROCESSES
MSG_QUEUE
MSG_SETS
MSG_SET_DETAILS
MSG_SET_PARAMS
MSG_TRANSPORTS
NEW_DATE_TIME_ZONESPEC
NROUTES
NSCHED_DAYS
NSEASONS
OLD_DATE_TIME_ZONESPEC
OPERATORS
OUTPUT_GATEWAYS
PACTS
PAID_BAG
PAID_BAG_EMD
PAID_BAG_EMD_PROPS
PAID_BAG_PC
PAID_CKIN_SETS
PAID_RFISC
PAX
PAX_ALARMS
PAX_ASVC
PAX_BRANDS
PAX_CATS
PAX_DOC
PAX_DOCA
PAX_DOCO
PAX_DOC_COUNTRIES
PAX_DOC_TYPES
PAX_EMD
PAX_FQT
PAX_GRP
PAX_NAME_TITLES
PAX_NORMS
PAX_NORMS_PC
PAX_NORMS_TEXT
PAX_REM
PAX_REM_ORIGIN
PAX_SEATS
PAX_SERVICES
PAX_SERVICE_LISTS
PAY_TYPES
PERS_TYPES
PERS_WEIGHTS
PLACE_CALC
PLAN_TABLE
PNR_ADDRS
PNR_ADDRS_PC
PNR_MARKET_FLT
POINTS
POSTPONED_TLG
PPR
PRN_FORMS
PRN_FORM_VERS
PRN_TAG_PROPS
PRN_TESTS
PRN_TEST_TAGS
PROFILE_RIGHTS
RATE_COLORS
RCPT_BAG_NAMES
RCPT_DOC_TYPES
RCPT_SERVICE_TYPES
REFUSAL_TYPES
REG
REMOTE_RESULTS
REM_CATS
REM_EVENT_SETS
REM_EVENT_TYPES
REM_GRP
REPORT_TYPES
RFISC_BAG_PROPS
RFISC_COMP_PROPS
RFISC_LIST_ITEMS
RFISC_RATES
RFISC_RATES_SELF_CKIN
RFISC_STAT
RIGHTS_LIST
ROLES
ROLE_ASSIGN_RIGHTS
ROLE_RIGHTS
ROT
ROUTES
ROUTES1
ROUTES_ORIG
ROZYSK
RPT_BM_BAG_NAMES
SALE_DESKS
SALE_POINTS
SCHEDULES
SCHED_DAYS
SCHED_DAYS1
SCHED_DAYS_ORIG
SCHED_EQUIPMENT
SCHED_FLIGHTS
SCHED_PROPS_SETS
SCHED_ROUTES
SCHED_SEGMENTS
SCREEN
SCREEN_RIGHTS
SEASONS
SEASONS1
SEAT_ALGO_SETS
SEAT_ALGO_TYPES
SEAT_REM_LAYERS
SEAT_TYPES
SELF_CKIN_SET
SELF_CKIN_STAT
SERVICE_LISTS
SERVICE_PAYMENT
SERVICE_STAT
SERVICE_TYPES
SFE_COPY
SFE_COPY777
SNAPSHOT_PARAMS
SNAPSHOT_POINTS
SOFI_FILES
SSM_IN
STAGE_NAMES
STAGE_SETS
STAGE_STATUSES
STAGE_TYPES
STAT
STATIONS
STATION_HALLS
STAT_LEVELS
STAT_ORDERS
STAT_ORDERS_DATA
STAT_PARAMS
STAT_TYPES
SUBCLS
SUBCLS_GRP
TAG_COLORS
TAG_PACKS
TAG_RANGES2
TAG_TYPES
TASKS
TCKIN_PAX_GRP
TCKIN_SEGMENTS
TCP_CLIENTS
TCP_CLIENT_TYPES
TCP_DATA_EVENTS
TCP_MSG_TYPES
TERM_EXPIRE_DATES
TERM_MODES
TERM_PARAM_AIRLINES
TEST_APIS3
TEST_CRYPT_SERVER
TEST_PAX
TEXT_TLG_H2H
TLGS
TLGS_IN
TLGS_TEXT
TLG_BINDING
TLG_COMP_LAYERS
TLG_ERROR
TLG_OUT
TLG_QUEUE
TLG_QUEUE_TMP
TLG_SOURCE
TLG_STAT
TLG_TRANSFER
TLG_TRFER_EXCEPTS
TLG_TRFER_ONWARDS
TLG_TRIPS
TMP_GRP_IATCI_XML
TRANSFER
TRANSFER_SUBCLS
TRANSLIT_DICTS
TRANZIT_ALGO_SEATS
TRANZIT_ALGO_SEATS_POINTS
TRANZIT_SET
TRFER_GRP
TRFER_PAX
TRFER_SETS
TRFER_SET_FLTS
TRFER_STAT
TRFER_TAGS
TRFER_TRIPS
TRIP_ALARMS
TRIP_APIS_PARAMS
TRIP_AUTO_WEIGHING
TRIP_BP
TRIP_BT
TRIP_CALC_DATA
TRIP_CKIN_CLIENT
TRIP_CLASSES
TRIP_COMP_BASELAYERS
TRIP_COMP_ELEMS
TRIP_COMP_LAYERS
TRIP_COMP_RANGES
TRIP_COMP_RATES
TRIP_COMP_REM
TRIP_COMP_RFISC
TRIP_CREW
TRIP_DATA
TRIP_DELAYS
TRIP_FINAL_STAGES
TRIP_HALL
TRIP_LIST_DAYS
TRIP_LITERS
TRIP_LOAD
TRIP_PAID_CKIN
TRIP_PERS_WEIGHTS
TRIP_RPT_PERSON
TRIP_SETS
TRIP_STAGES
TRIP_STATIONS
TRIP_SUFFIXES
TRIP_TASKS
TRIP_TYPES
TRIP_VOUCHERS
TTS
TYPEB_ADDRS
TYPEB_ADDR_OPTIONS
TYPEB_ADDR_OWNERS
TYPEB_ADDR_TRANS_PARAMS
TYPEB_CREATE_POINTS
TYPEB_DATA_STAT
TYPEB_HELP
TYPEB_IN
TYPEB_IN_BODY
TYPEB_IN_ERRORS
TYPEB_IN_HISTORY
TYPEB_OPTIONS
TYPEB_OPTION_VALUES
TYPEB_ORIGINATORS
TYPEB_OUT_ERRORS
TYPEB_OUT_EXTRA
TYPEB_SEND
TYPEB_SENDERS
TYPEB_SENDER_SYSTEMS
TYPEB_TYPES
UNACCOMP_BAG_INFO
UNACCOMP_BAG_NAMES
UPDATE_CODE_PROGRESS
USERS2
USER_ROLES
USER_SETS
USER_SET_TYPES
USER_TYPES
UTG_PRL
VALIDATOR_TYPES
VALUE_BAG
VALUE_BAG_TAXES
VKO_CRAFTS
VLAD_ROT
VOUCHER_TYPES
WAITLIST_TYPES
WB_MSG
WB_MSG_TEXT
WEB_CLIENTS

697 rows selected.

